<!doctype html public "-//w3c//dtd html 4.0 transitional//en">
<html><head>
<title>Static Call Graph - [.\Objects\rt1064.axf]</title></head>
<body><HR>
<H1>Static Call Graph for image .\Objects\rt1064.axf</H1><HR>
<BR><P>#&#060CALLGRAPH&#062# ARM Linker, 6090000: Last Updated: Fri Nov 21 19:10:27 2025
<BR><P>
<H3>Maximum Stack Usage =       1632 bytes + Unknown(Functions without stacksize, Cycles, Untraceable Function Pointers)</H3><H3>
Call chain for Maximum Stack Depth:</H3>
__rt_entry_main &rArr; main &rArr; tft180_show_float &rArr; tft180_show_string &rArr; tft180_show_char &rArr; tft180_set_region &rArr; tft180_write_index &rArr; spi_write_8bit &rArr; spi_write_8bit_array &rArr; spi_write &rArr; debug_assert_handler &rArr; debug_protective_handler &rArr; pwm_set_duty &rArr;  debug_assert_handler (Cycle)
<P>
<H3>
Functions with no stack information
</H3><UL>
 <LI><a href="#[f0]">Reset_Handler</a>
 <LI><a href="#[8e]">ACMP1_IRQHandler</a>
 <LI><a href="#[8f]">ACMP2_IRQHandler</a>
 <LI><a href="#[90]">ACMP3_IRQHandler</a>
 <LI><a href="#[91]">ACMP4_IRQHandler</a>
 <LI><a href="#[56]">ADC1_IRQHandler</a>
 <LI><a href="#[57]">ADC2_IRQHandler</a>
 <LI><a href="#[8c]">ADC_ETC_ERROR_IRQ_IRQHandler</a>
 <LI><a href="#[89]">ADC_ETC_IRQ0_IRQHandler</a>
 <LI><a href="#[8a]">ADC_ETC_IRQ1_IRQHandler</a>
 <LI><a href="#[8b]">ADC_ETC_IRQ2_IRQHandler</a>
 <LI><a href="#[4a]">BEE_IRQHandler</a>
 <LI><a href="#[72]">CCM_1_IRQHandler</a>
 <LI><a href="#[73]">CCM_2_IRQHandler</a>
 <LI><a href="#[26]">CORE_IRQHandler</a>
 <LI><a href="#[44]">CSU_IRQHandler</a>
 <LI><a href="#[24]">CTI0_ERROR_IRQHandler</a>
 <LI><a href="#[25]">CTI1_ERROR_IRQHandler</a>
 <LI><a href="#[58]">DCDC_IRQHandler</a>
 <LI><a href="#[45]">DCP_IRQHandler</a>
 <LI><a href="#[46]">DCP_VMI_IRQHandler</a>
 <LI><a href="#[c4]">DMA_ERROR_DriverIRQHandler</a>
 <LI><a href="#[b1]">DefaultISR</a>
 <LI><a href="#[94]">ENC1_IRQHandler</a>
 <LI><a href="#[95]">ENC2_IRQHandler</a>
 <LI><a href="#[96]">ENC3_IRQHandler</a>
 <LI><a href="#[97]">ENC4_IRQHandler</a>
 <LI><a href="#[71]">EWM_IRQHandler</a>
 <LI><a href="#[39]">FLEXRAM_IRQHandler</a>
 <LI><a href="#[de]">FLEXSPI2_DriverIRQHandler</a>
 <LI><a href="#[df]">FLEXSPI_DriverIRQHandler</a>
 <LI><a href="#[74]">GPC_IRQHandler</a>
 <LI><a href="#[5a]">GPIO10_IRQHandler</a>
 <LI><a href="#[5b]">GPIO1_INT0_IRQHandler</a>
 <LI><a href="#[5c]">GPIO1_INT1_IRQHandler</a>
 <LI><a href="#[5d]">GPIO1_INT2_IRQHandler</a>
 <LI><a href="#[5e]">GPIO1_INT3_IRQHandler</a>
 <LI><a href="#[5f]">GPIO1_INT4_IRQHandler</a>
 <LI><a href="#[60]">GPIO1_INT5_IRQHandler</a>
 <LI><a href="#[61]">GPIO1_INT6_IRQHandler</a>
 <LI><a href="#[62]">GPIO1_INT7_IRQHandler</a>
 <LI><a href="#[68]">GPIO3_Combined_16_31_IRQHandler</a>
 <LI><a href="#[69]">GPIO4_Combined_0_15_IRQHandler</a>
 <LI><a href="#[6a]">GPIO4_Combined_16_31_IRQHandler</a>
 <LI><a href="#[6b]">GPIO5_Combined_0_15_IRQHandler</a>
 <LI><a href="#[6c]">GPIO5_Combined_16_31_IRQHandler</a>
 <LI><a href="#[b0]">GPIO6_7_8_9_IRQHandler</a>
 <LI><a href="#[3c]">GPR_IRQ_IRQHandler</a>
 <LI><a href="#[77]">GPT1_IRQHandler</a>
 <LI><a href="#[78]">GPT2_IRQHandler</a>
 <LI><a href="#[3a]">KPP_IRQHandler</a>
 <LI><a href="#[3d]">LCDIF_IRQHandler</a>
 <LI><a href="#[50]">PMU_EVENT_IRQHandler</a>
 <LI><a href="#[79]">PWM1_0_IRQHandler</a>
 <LI><a href="#[7a]">PWM1_1_IRQHandler</a>
 <LI><a href="#[7b]">PWM1_2_IRQHandler</a>
 <LI><a href="#[7c]">PWM1_3_IRQHandler</a>
 <LI><a href="#[7d]">PWM1_FAULT_IRQHandler</a>
 <LI><a href="#[9c]">PWM2_0_IRQHandler</a>
 <LI><a href="#[9d]">PWM2_1_IRQHandler</a>
 <LI><a href="#[9e]">PWM2_2_IRQHandler</a>
 <LI><a href="#[9f]">PWM2_3_IRQHandler</a>
 <LI><a href="#[a0]">PWM2_FAULT_IRQHandler</a>
 <LI><a href="#[a1]">PWM3_0_IRQHandler</a>
 <LI><a href="#[a2]">PWM3_1_IRQHandler</a>
 <LI><a href="#[a3]">PWM3_2_IRQHandler</a>
 <LI><a href="#[a4]">PWM3_3_IRQHandler</a>
 <LI><a href="#[a5]">PWM3_FAULT_IRQHandler</a>
 <LI><a href="#[a6]">PWM4_0_IRQHandler</a>
 <LI><a href="#[a7]">PWM4_1_IRQHandler</a>
 <LI><a href="#[a8]">PWM4_2_IRQHandler</a>
 <LI><a href="#[a9]">PWM4_3_IRQHandler</a>
 <LI><a href="#[aa]">PWM4_FAULT_IRQHandler</a>
 <LI><a href="#[3f]">PXP_IRQHandler</a>
 <LI><a href="#[70]">RTWDOG_IRQHandler</a>
 <LI><a href="#[76]">Reserved115_IRQHandler</a>
 <LI><a href="#[92]">Reserved143_IRQHandler</a>
 <LI><a href="#[93]">Reserved144_IRQHandler</a>
 <LI><a href="#[ae]">Reserved171_IRQHandler</a>
 <LI><a href="#[47]">Reserved68_IRQHandler</a>
 <LI><a href="#[51]">Reserved78_IRQHandler</a>
 <LI><a href="#[59]">Reserved86_IRQHandler</a>
 <LI><a href="#[80]">SEMC_IRQHandler</a>
 <LI><a href="#[49]">SJC_IRQHandler</a>
 <LI><a href="#[41]">SNVS_HP_WRAPPER_IRQHandler</a>
 <LI><a href="#[42]">SNVS_HP_WRAPPER_TZ_IRQHandler</a>
 <LI><a href="#[43]">SNVS_LP_WRAPPER_IRQHandler</a>
 <LI><a href="#[75]">SRC_IRQHandler</a>
 <LI><a href="#[52]">TEMP_LOW_HIGH_IRQHandler</a>
 <LI><a href="#[53]">TEMP_PANIC_IRQHandler</a>
 <LI><a href="#[98]">TMR1_IRQHandler</a>
 <LI><a href="#[99]">TMR2_IRQHandler</a>
 <LI><a href="#[9a]">TMR3_IRQHandler</a>
 <LI><a href="#[9b]">TMR4_IRQHandler</a>
 <LI><a href="#[48]">TRNG_IRQHandler</a>
 <LI><a href="#[3b]">TSC_DIG_IRQHandler</a>
 <LI><a href="#[54]">USB_PHY1_IRQHandler</a>
 <LI><a href="#[55]">USB_PHY2_IRQHandler</a>
 <LI><a href="#[6f]">WDOG1_IRQHandler</a>
 <LI><a href="#[40]">WDOG2_IRQHandler</a>
 <LI><a href="#[87]">XBAR1_IRQ_0_1_IRQHandler</a>
 <LI><a href="#[88]">XBAR1_IRQ_2_3_IRQHandler</a>
 <LI><a href="#[12]">SysTick_Handler</a>
 <LI><a href="#[13]">DMA0_DMA16_IRQHandler</a>
 <LI><a href="#[14]">DMA1_DMA17_IRQHandler</a>
 <LI><a href="#[15]">DMA2_DMA18_IRQHandler</a>
 <LI><a href="#[16]">DMA3_DMA19_IRQHandler</a>
 <LI><a href="#[17]">DMA4_DMA20_IRQHandler</a>
 <LI><a href="#[18]">DMA5_DMA21_IRQHandler</a>
 <LI><a href="#[19]">DMA6_DMA22_IRQHandler</a>
 <LI><a href="#[1a]">DMA7_DMA23_IRQHandler</a>
 <LI><a href="#[1b]">DMA8_DMA24_IRQHandler</a>
 <LI><a href="#[1c]">DMA9_DMA25_IRQHandler</a>
 <LI><a href="#[1d]">DMA10_DMA26_IRQHandler</a>
 <LI><a href="#[1e]">DMA11_DMA27_IRQHandler</a>
 <LI><a href="#[1f]">DMA12_DMA28_IRQHandler</a>
 <LI><a href="#[20]">DMA13_DMA29_IRQHandler</a>
 <LI><a href="#[21]">DMA14_DMA30_IRQHandler</a>
 <LI><a href="#[22]">DMA15_DMA31_IRQHandler</a>
 <LI><a href="#[23]">DMA_ERROR_IRQHandler</a>
 <LI><a href="#[2d]">LPUART7_IRQHandler</a>
 <LI><a href="#[2f]">LPI2C1_IRQHandler</a>
 <LI><a href="#[30]">LPI2C2_IRQHandler</a>
 <LI><a href="#[31]">LPI2C3_IRQHandler</a>
 <LI><a href="#[32]">LPI2C4_IRQHandler</a>
 <LI><a href="#[33]">LPSPI1_IRQHandler</a>
 <LI><a href="#[34]">LPSPI2_IRQHandler</a>
 <LI><a href="#[35]">LPSPI3_IRQHandler</a>
 <LI><a href="#[36]">LPSPI4_IRQHandler</a>
 <LI><a href="#[37]">CAN1_IRQHandler</a>
 <LI><a href="#[38]">CAN2_IRQHandler</a>
 <LI><a href="#[4b]">SAI1_IRQHandler</a>
 <LI><a href="#[4c]">SAI2_IRQHandler</a>
 <LI><a href="#[4d]">SAI3_RX_IRQHandler</a>
 <LI><a href="#[4e]">SAI3_TX_IRQHandler</a>
 <LI><a href="#[4f]">SPDIF_IRQHandler</a>
 <LI><a href="#[6d]">FLEXIO1_IRQHandler</a>
 <LI><a href="#[6e]">FLEXIO2_IRQHandler</a>
 <LI><a href="#[7e]">FLEXSPI2_IRQHandler</a>
 <LI><a href="#[7f]">FLEXSPI_IRQHandler</a>
 <LI><a href="#[81]">USDHC1_IRQHandler</a>
 <LI><a href="#[82]">USDHC2_IRQHandler</a>
 <LI><a href="#[85]">ENET_IRQHandler</a>
 <LI><a href="#[86]">ENET_1588_Timer_IRQHandler</a>
 <LI><a href="#[ab]">ENET2_IRQHandler</a>
 <LI><a href="#[ac]">ENET2_1588_Timer_IRQHandler</a>
 <LI><a href="#[ad]">CAN3_IRQHandler</a>
 <LI><a href="#[af]">FLEXIO3_IRQHandler</a>
</UL>
</UL>
<P>
<H3>
Mutually Recursive functions
</H3> <LI><a href="#[249]">pwm_set_duty</a>&nbsp;&nbsp;&nbsp;&rArr;&nbsp;&nbsp;&nbsp;<a href="#[235]">debug_assert_handler</a><BR>
</UL>
<P>
<H3>
Function Pointers
</H3><UL>
 <LI><a href="#[8e]">ACMP1_IRQHandler</a> from startup_mimxrt1064.o(.text) referenced from startup_mimxrt1064.o(.isr_vector)
 <LI><a href="#[8f]">ACMP2_IRQHandler</a> from startup_mimxrt1064.o(.text) referenced from startup_mimxrt1064.o(.isr_vector)
 <LI><a href="#[90]">ACMP3_IRQHandler</a> from startup_mimxrt1064.o(.text) referenced from startup_mimxrt1064.o(.isr_vector)
 <LI><a href="#[91]">ACMP4_IRQHandler</a> from startup_mimxrt1064.o(.text) referenced from startup_mimxrt1064.o(.isr_vector)
 <LI><a href="#[56]">ADC1_IRQHandler</a> from startup_mimxrt1064.o(.text) referenced from startup_mimxrt1064.o(.isr_vector)
 <LI><a href="#[57]">ADC2_IRQHandler</a> from startup_mimxrt1064.o(.text) referenced from startup_mimxrt1064.o(.isr_vector)
 <LI><a href="#[8c]">ADC_ETC_ERROR_IRQ_IRQHandler</a> from startup_mimxrt1064.o(.text) referenced from startup_mimxrt1064.o(.isr_vector)
 <LI><a href="#[89]">ADC_ETC_IRQ0_IRQHandler</a> from startup_mimxrt1064.o(.text) referenced from startup_mimxrt1064.o(.isr_vector)
 <LI><a href="#[8a]">ADC_ETC_IRQ1_IRQHandler</a> from startup_mimxrt1064.o(.text) referenced from startup_mimxrt1064.o(.isr_vector)
 <LI><a href="#[8b]">ADC_ETC_IRQ2_IRQHandler</a> from startup_mimxrt1064.o(.text) referenced from startup_mimxrt1064.o(.isr_vector)
 <LI><a href="#[4a]">BEE_IRQHandler</a> from startup_mimxrt1064.o(.text) referenced from startup_mimxrt1064.o(.isr_vector)
 <LI><a href="#[d]">BusFault_Handler</a> from zf_common_vector.o(.text.BusFault_Handler) referenced from startup_mimxrt1064.o(.isr_vector)
 <LI><a href="#[d5]">CAN1_DriverIRQHandler</a> from fsl_flexcan.o(.text.CAN1_DriverIRQHandler) referenced from startup_mimxrt1064.o(.text)
 <LI><a href="#[37]">CAN1_IRQHandler</a> from startup_mimxrt1064.o(.text) referenced from startup_mimxrt1064.o(.isr_vector)
 <LI><a href="#[d6]">CAN2_DriverIRQHandler</a> from fsl_flexcan.o(.text.CAN2_DriverIRQHandler) referenced from startup_mimxrt1064.o(.text)
 <LI><a href="#[38]">CAN2_IRQHandler</a> from startup_mimxrt1064.o(.text) referenced from startup_mimxrt1064.o(.isr_vector)
 <LI><a href="#[e6]">CAN3_DriverIRQHandler</a> from fsl_flexcan.o(.text.CAN3_DriverIRQHandler) referenced from startup_mimxrt1064.o(.text)
 <LI><a href="#[ad]">CAN3_IRQHandler</a> from startup_mimxrt1064.o(.text) referenced from startup_mimxrt1064.o(.isr_vector)
 <LI><a href="#[72]">CCM_1_IRQHandler</a> from startup_mimxrt1064.o(.text) referenced from startup_mimxrt1064.o(.isr_vector)
 <LI><a href="#[73]">CCM_2_IRQHandler</a> from startup_mimxrt1064.o(.text) referenced from startup_mimxrt1064.o(.isr_vector)
 <LI><a href="#[26]">CORE_IRQHandler</a> from startup_mimxrt1064.o(.text) referenced from startup_mimxrt1064.o(.isr_vector)
 <LI><a href="#[3e]">CSI_IRQHandler</a> from isr.o(.text.CSI_IRQHandler) referenced from startup_mimxrt1064.o(.isr_vector)
 <LI><a href="#[44]">CSU_IRQHandler</a> from startup_mimxrt1064.o(.text) referenced from startup_mimxrt1064.o(.isr_vector)
 <LI><a href="#[24]">CTI0_ERROR_IRQHandler</a> from startup_mimxrt1064.o(.text) referenced from startup_mimxrt1064.o(.isr_vector)
 <LI><a href="#[25]">CTI1_ERROR_IRQHandler</a> from startup_mimxrt1064.o(.text) referenced from startup_mimxrt1064.o(.isr_vector)
 <LI><a href="#[58]">DCDC_IRQHandler</a> from startup_mimxrt1064.o(.text) referenced from startup_mimxrt1064.o(.isr_vector)
 <LI><a href="#[45]">DCP_IRQHandler</a> from startup_mimxrt1064.o(.text) referenced from startup_mimxrt1064.o(.isr_vector)
 <LI><a href="#[46]">DCP_VMI_IRQHandler</a> from startup_mimxrt1064.o(.text) referenced from startup_mimxrt1064.o(.isr_vector)
 <LI><a href="#[b4]">DMA0_DMA16_DriverIRQHandler</a> from fsl_edma.o(.text.DMA0_DMA16_DriverIRQHandler) referenced from startup_mimxrt1064.o(.text)
 <LI><a href="#[13]">DMA0_DMA16_IRQHandler</a> from startup_mimxrt1064.o(.text) referenced from startup_mimxrt1064.o(.isr_vector)
 <LI><a href="#[be]">DMA10_DMA26_DriverIRQHandler</a> from fsl_edma.o(.text.DMA10_DMA26_DriverIRQHandler) referenced from startup_mimxrt1064.o(.text)
 <LI><a href="#[1d]">DMA10_DMA26_IRQHandler</a> from startup_mimxrt1064.o(.text) referenced from startup_mimxrt1064.o(.isr_vector)
 <LI><a href="#[bf]">DMA11_DMA27_DriverIRQHandler</a> from fsl_edma.o(.text.DMA11_DMA27_DriverIRQHandler) referenced from startup_mimxrt1064.o(.text)
 <LI><a href="#[1e]">DMA11_DMA27_IRQHandler</a> from startup_mimxrt1064.o(.text) referenced from startup_mimxrt1064.o(.isr_vector)
 <LI><a href="#[c0]">DMA12_DMA28_DriverIRQHandler</a> from fsl_edma.o(.text.DMA12_DMA28_DriverIRQHandler) referenced from startup_mimxrt1064.o(.text)
 <LI><a href="#[1f]">DMA12_DMA28_IRQHandler</a> from startup_mimxrt1064.o(.text) referenced from startup_mimxrt1064.o(.isr_vector)
 <LI><a href="#[c1]">DMA13_DMA29_DriverIRQHandler</a> from fsl_edma.o(.text.DMA13_DMA29_DriverIRQHandler) referenced from startup_mimxrt1064.o(.text)
 <LI><a href="#[20]">DMA13_DMA29_IRQHandler</a> from startup_mimxrt1064.o(.text) referenced from startup_mimxrt1064.o(.isr_vector)
 <LI><a href="#[c2]">DMA14_DMA30_DriverIRQHandler</a> from fsl_edma.o(.text.DMA14_DMA30_DriverIRQHandler) referenced from startup_mimxrt1064.o(.text)
 <LI><a href="#[21]">DMA14_DMA30_IRQHandler</a> from startup_mimxrt1064.o(.text) referenced from startup_mimxrt1064.o(.isr_vector)
 <LI><a href="#[c3]">DMA15_DMA31_DriverIRQHandler</a> from fsl_edma.o(.text.DMA15_DMA31_DriverIRQHandler) referenced from startup_mimxrt1064.o(.text)
 <LI><a href="#[22]">DMA15_DMA31_IRQHandler</a> from startup_mimxrt1064.o(.text) referenced from startup_mimxrt1064.o(.isr_vector)
 <LI><a href="#[b5]">DMA1_DMA17_DriverIRQHandler</a> from fsl_edma.o(.text.DMA1_DMA17_DriverIRQHandler) referenced from startup_mimxrt1064.o(.text)
 <LI><a href="#[14]">DMA1_DMA17_IRQHandler</a> from startup_mimxrt1064.o(.text) referenced from startup_mimxrt1064.o(.isr_vector)
 <LI><a href="#[b6]">DMA2_DMA18_DriverIRQHandler</a> from fsl_edma.o(.text.DMA2_DMA18_DriverIRQHandler) referenced from startup_mimxrt1064.o(.text)
 <LI><a href="#[15]">DMA2_DMA18_IRQHandler</a> from startup_mimxrt1064.o(.text) referenced from startup_mimxrt1064.o(.isr_vector)
 <LI><a href="#[b7]">DMA3_DMA19_DriverIRQHandler</a> from fsl_edma.o(.text.DMA3_DMA19_DriverIRQHandler) referenced from startup_mimxrt1064.o(.text)
 <LI><a href="#[16]">DMA3_DMA19_IRQHandler</a> from startup_mimxrt1064.o(.text) referenced from startup_mimxrt1064.o(.isr_vector)
 <LI><a href="#[b8]">DMA4_DMA20_DriverIRQHandler</a> from fsl_edma.o(.text.DMA4_DMA20_DriverIRQHandler) referenced from startup_mimxrt1064.o(.text)
 <LI><a href="#[17]">DMA4_DMA20_IRQHandler</a> from startup_mimxrt1064.o(.text) referenced from startup_mimxrt1064.o(.isr_vector)
 <LI><a href="#[b9]">DMA5_DMA21_DriverIRQHandler</a> from fsl_edma.o(.text.DMA5_DMA21_DriverIRQHandler) referenced from startup_mimxrt1064.o(.text)
 <LI><a href="#[18]">DMA5_DMA21_IRQHandler</a> from startup_mimxrt1064.o(.text) referenced from startup_mimxrt1064.o(.isr_vector)
 <LI><a href="#[ba]">DMA6_DMA22_DriverIRQHandler</a> from fsl_edma.o(.text.DMA6_DMA22_DriverIRQHandler) referenced from startup_mimxrt1064.o(.text)
 <LI><a href="#[19]">DMA6_DMA22_IRQHandler</a> from startup_mimxrt1064.o(.text) referenced from startup_mimxrt1064.o(.isr_vector)
 <LI><a href="#[bb]">DMA7_DMA23_DriverIRQHandler</a> from fsl_edma.o(.text.DMA7_DMA23_DriverIRQHandler) referenced from startup_mimxrt1064.o(.text)
 <LI><a href="#[1a]">DMA7_DMA23_IRQHandler</a> from startup_mimxrt1064.o(.text) referenced from startup_mimxrt1064.o(.isr_vector)
 <LI><a href="#[bc]">DMA8_DMA24_DriverIRQHandler</a> from fsl_edma.o(.text.DMA8_DMA24_DriverIRQHandler) referenced from startup_mimxrt1064.o(.text)
 <LI><a href="#[1b]">DMA8_DMA24_IRQHandler</a> from startup_mimxrt1064.o(.text) referenced from startup_mimxrt1064.o(.isr_vector)
 <LI><a href="#[bd]">DMA9_DMA25_DriverIRQHandler</a> from fsl_edma.o(.text.DMA9_DMA25_DriverIRQHandler) referenced from startup_mimxrt1064.o(.text)
 <LI><a href="#[1c]">DMA9_DMA25_IRQHandler</a> from startup_mimxrt1064.o(.text) referenced from startup_mimxrt1064.o(.isr_vector)
 <LI><a href="#[c4]">DMA_ERROR_DriverIRQHandler</a> from startup_mimxrt1064.o(.text) referenced from startup_mimxrt1064.o(.text)
 <LI><a href="#[23]">DMA_ERROR_IRQHandler</a> from startup_mimxrt1064.o(.text) referenced from startup_mimxrt1064.o(.isr_vector)
 <LI><a href="#[eb]">DbgConsole_Putchar</a> from fsl_debug_console.o(.text.DbgConsole_Putchar) referenced 2 times from fsl_debug_console.o(.text.DbgConsole_Vprintf)
 <LI><a href="#[10]">DebugMon_Handler</a> from zf_common_vector.o(.text.DebugMon_Handler) referenced from startup_mimxrt1064.o(.isr_vector)
 <LI><a href="#[b1]">DefaultISR</a> from startup_mimxrt1064.o(.text) referenced from fsl_csi.o(.data.s_csiIsr)
 <LI><a href="#[b1]">DefaultISR</a> from startup_mimxrt1064.o(.text) referenced from fsl_flexcan.o(.data.s_flexcanIsr)
 <LI><a href="#[b1]">DefaultISR</a> from startup_mimxrt1064.o(.text) referenced from fsl_lpuart.o(.data.s_lpuartIsr)
 <LI><a href="#[b1]">DefaultISR</a> from startup_mimxrt1064.o(.text) referenced from fsl_usdhc.o(.data.s_usdhcIsr)
 <LI><a href="#[b1]">DefaultISR</a> from startup_mimxrt1064.o(.text) referenced 81 times from startup_mimxrt1064.o(.isr_vector)
 <LI><a href="#[94]">ENC1_IRQHandler</a> from startup_mimxrt1064.o(.text) referenced from startup_mimxrt1064.o(.isr_vector)
 <LI><a href="#[95]">ENC2_IRQHandler</a> from startup_mimxrt1064.o(.text) referenced from startup_mimxrt1064.o(.isr_vector)
 <LI><a href="#[96]">ENC3_IRQHandler</a> from startup_mimxrt1064.o(.text) referenced from startup_mimxrt1064.o(.isr_vector)
 <LI><a href="#[97]">ENC4_IRQHandler</a> from startup_mimxrt1064.o(.text) referenced from startup_mimxrt1064.o(.isr_vector)
 <LI><a href="#[e5]">ENET2_1588_Timer_DriverIRQHandler</a> from fsl_enet.o(.text.ENET2_1588_Timer_DriverIRQHandler) referenced from startup_mimxrt1064.o(.text)
 <LI><a href="#[ac]">ENET2_1588_Timer_IRQHandler</a> from startup_mimxrt1064.o(.text) referenced from startup_mimxrt1064.o(.isr_vector)
 <LI><a href="#[e4]">ENET2_DriverIRQHandler</a> from fsl_enet.o(.text.ENET2_DriverIRQHandler) referenced from startup_mimxrt1064.o(.text)
 <LI><a href="#[ab]">ENET2_IRQHandler</a> from startup_mimxrt1064.o(.text) referenced from startup_mimxrt1064.o(.isr_vector)
 <LI><a href="#[e3]">ENET_1588_Timer_DriverIRQHandler</a> from fsl_enet.o(.text.ENET_1588_Timer_DriverIRQHandler) referenced from startup_mimxrt1064.o(.text)
 <LI><a href="#[86]">ENET_1588_Timer_IRQHandler</a> from startup_mimxrt1064.o(.text) referenced from startup_mimxrt1064.o(.isr_vector)
 <LI><a href="#[e2]">ENET_DriverIRQHandler</a> from fsl_enet.o(.text.ENET_DriverIRQHandler) referenced from startup_mimxrt1064.o(.text)
 <LI><a href="#[85]">ENET_IRQHandler</a> from startup_mimxrt1064.o(.text) referenced from startup_mimxrt1064.o(.isr_vector)
 <LI><a href="#[71]">EWM_IRQHandler</a> from startup_mimxrt1064.o(.text) referenced from startup_mimxrt1064.o(.isr_vector)
 <LI><a href="#[dc]">FLEXIO1_DriverIRQHandler</a> from fsl_flexio.o(.text.FLEXIO1_DriverIRQHandler) referenced from startup_mimxrt1064.o(.text)
 <LI><a href="#[6d]">FLEXIO1_IRQHandler</a> from startup_mimxrt1064.o(.text) referenced from startup_mimxrt1064.o(.isr_vector)
 <LI><a href="#[dd]">FLEXIO2_DriverIRQHandler</a> from fsl_flexio.o(.text.FLEXIO2_DriverIRQHandler) referenced from startup_mimxrt1064.o(.text)
 <LI><a href="#[6e]">FLEXIO2_IRQHandler</a> from startup_mimxrt1064.o(.text) referenced from startup_mimxrt1064.o(.isr_vector)
 <LI><a href="#[e7]">FLEXIO3_DriverIRQHandler</a> from fsl_flexio.o(.text.FLEXIO3_DriverIRQHandler) referenced from startup_mimxrt1064.o(.text)
 <LI><a href="#[af]">FLEXIO3_IRQHandler</a> from startup_mimxrt1064.o(.text) referenced from startup_mimxrt1064.o(.isr_vector)
 <LI><a href="#[39]">FLEXRAM_IRQHandler</a> from startup_mimxrt1064.o(.text) referenced from startup_mimxrt1064.o(.isr_vector)
 <LI><a href="#[de]">FLEXSPI2_DriverIRQHandler</a> from startup_mimxrt1064.o(.text) referenced from startup_mimxrt1064.o(.text)
 <LI><a href="#[7e]">FLEXSPI2_IRQHandler</a> from startup_mimxrt1064.o(.text) referenced from startup_mimxrt1064.o(.isr_vector)
 <LI><a href="#[df]">FLEXSPI_DriverIRQHandler</a> from startup_mimxrt1064.o(.text) referenced from startup_mimxrt1064.o(.text)
 <LI><a href="#[7f]">FLEXSPI_IRQHandler</a> from startup_mimxrt1064.o(.text) referenced from startup_mimxrt1064.o(.isr_vector)
 <LI><a href="#[74]">GPC_IRQHandler</a> from startup_mimxrt1064.o(.text) referenced from startup_mimxrt1064.o(.isr_vector)
 <LI><a href="#[5a]">GPIO10_IRQHandler</a> from startup_mimxrt1064.o(.text) referenced from startup_mimxrt1064.o(.isr_vector)
 <LI><a href="#[63]">GPIO1_Combined_0_15_IRQHandler</a> from isr.o(.text.GPIO1_Combined_0_15_IRQHandler) referenced from startup_mimxrt1064.o(.isr_vector)
 <LI><a href="#[64]">GPIO1_Combined_16_31_IRQHandler</a> from isr.o(.text.GPIO1_Combined_16_31_IRQHandler) referenced from startup_mimxrt1064.o(.isr_vector)
 <LI><a href="#[5b]">GPIO1_INT0_IRQHandler</a> from startup_mimxrt1064.o(.text) referenced from startup_mimxrt1064.o(.isr_vector)
 <LI><a href="#[5c]">GPIO1_INT1_IRQHandler</a> from startup_mimxrt1064.o(.text) referenced from startup_mimxrt1064.o(.isr_vector)
 <LI><a href="#[5d]">GPIO1_INT2_IRQHandler</a> from startup_mimxrt1064.o(.text) referenced from startup_mimxrt1064.o(.isr_vector)
 <LI><a href="#[5e]">GPIO1_INT3_IRQHandler</a> from startup_mimxrt1064.o(.text) referenced from startup_mimxrt1064.o(.isr_vector)
 <LI><a href="#[5f]">GPIO1_INT4_IRQHandler</a> from startup_mimxrt1064.o(.text) referenced from startup_mimxrt1064.o(.isr_vector)
 <LI><a href="#[60]">GPIO1_INT5_IRQHandler</a> from startup_mimxrt1064.o(.text) referenced from startup_mimxrt1064.o(.isr_vector)
 <LI><a href="#[61]">GPIO1_INT6_IRQHandler</a> from startup_mimxrt1064.o(.text) referenced from startup_mimxrt1064.o(.isr_vector)
 <LI><a href="#[62]">GPIO1_INT7_IRQHandler</a> from startup_mimxrt1064.o(.text) referenced from startup_mimxrt1064.o(.isr_vector)
 <LI><a href="#[65]">GPIO2_Combined_0_15_IRQHandler</a> from isr.o(.text.GPIO2_Combined_0_15_IRQHandler) referenced from startup_mimxrt1064.o(.isr_vector)
 <LI><a href="#[66]">GPIO2_Combined_16_31_IRQHandler</a> from isr.o(.text.GPIO2_Combined_16_31_IRQHandler) referenced from startup_mimxrt1064.o(.isr_vector)
 <LI><a href="#[67]">GPIO3_Combined_0_15_IRQHandler</a> from isr.o(.text.GPIO3_Combined_0_15_IRQHandler) referenced from startup_mimxrt1064.o(.isr_vector)
 <LI><a href="#[68]">GPIO3_Combined_16_31_IRQHandler</a> from startup_mimxrt1064.o(.text) referenced from startup_mimxrt1064.o(.isr_vector)
 <LI><a href="#[69]">GPIO4_Combined_0_15_IRQHandler</a> from startup_mimxrt1064.o(.text) referenced from startup_mimxrt1064.o(.isr_vector)
 <LI><a href="#[6a]">GPIO4_Combined_16_31_IRQHandler</a> from startup_mimxrt1064.o(.text) referenced from startup_mimxrt1064.o(.isr_vector)
 <LI><a href="#[6b]">GPIO5_Combined_0_15_IRQHandler</a> from startup_mimxrt1064.o(.text) referenced from startup_mimxrt1064.o(.isr_vector)
 <LI><a href="#[6c]">GPIO5_Combined_16_31_IRQHandler</a> from startup_mimxrt1064.o(.text) referenced from startup_mimxrt1064.o(.isr_vector)
 <LI><a href="#[b0]">GPIO6_7_8_9_IRQHandler</a> from startup_mimxrt1064.o(.text) referenced from startup_mimxrt1064.o(.isr_vector)
 <LI><a href="#[3c]">GPR_IRQ_IRQHandler</a> from startup_mimxrt1064.o(.text) referenced from startup_mimxrt1064.o(.isr_vector)
 <LI><a href="#[77]">GPT1_IRQHandler</a> from startup_mimxrt1064.o(.text) referenced from startup_mimxrt1064.o(.isr_vector)
 <LI><a href="#[78]">GPT2_IRQHandler</a> from startup_mimxrt1064.o(.text) referenced from startup_mimxrt1064.o(.isr_vector)
 <LI><a href="#[b]">HardFault_Handler</a> from zf_common_vector.o(.text.HardFault_Handler) referenced from startup_mimxrt1064.o(.isr_vector)
 <LI><a href="#[b]">HardFault_Handler</a> from zf_common_vector.o(.text.HardFault_Handler) referenced from startup_mimxrt1064.o(.text)
 <LI><a href="#[3a]">KPP_IRQHandler</a> from startup_mimxrt1064.o(.text) referenced from startup_mimxrt1064.o(.isr_vector)
 <LI><a href="#[3d]">LCDIF_IRQHandler</a> from startup_mimxrt1064.o(.text) referenced from startup_mimxrt1064.o(.isr_vector)
 <LI><a href="#[cd]">LPI2C1_DriverIRQHandler</a> from fsl_lpi2c.o(.text.LPI2C1_DriverIRQHandler) referenced from startup_mimxrt1064.o(.text)
 <LI><a href="#[2f]">LPI2C1_IRQHandler</a> from startup_mimxrt1064.o(.text) referenced from startup_mimxrt1064.o(.isr_vector)
 <LI><a href="#[ce]">LPI2C2_DriverIRQHandler</a> from fsl_lpi2c.o(.text.LPI2C2_DriverIRQHandler) referenced from startup_mimxrt1064.o(.text)
 <LI><a href="#[30]">LPI2C2_IRQHandler</a> from startup_mimxrt1064.o(.text) referenced from startup_mimxrt1064.o(.isr_vector)
 <LI><a href="#[cf]">LPI2C3_DriverIRQHandler</a> from fsl_lpi2c.o(.text.LPI2C3_DriverIRQHandler) referenced from startup_mimxrt1064.o(.text)
 <LI><a href="#[31]">LPI2C3_IRQHandler</a> from startup_mimxrt1064.o(.text) referenced from startup_mimxrt1064.o(.isr_vector)
 <LI><a href="#[d0]">LPI2C4_DriverIRQHandler</a> from fsl_lpi2c.o(.text.LPI2C4_DriverIRQHandler) referenced from startup_mimxrt1064.o(.text)
 <LI><a href="#[32]">LPI2C4_IRQHandler</a> from startup_mimxrt1064.o(.text) referenced from startup_mimxrt1064.o(.isr_vector)
 <LI><a href="#[d1]">LPSPI1_DriverIRQHandler</a> from fsl_lpspi.o(.text.LPSPI1_DriverIRQHandler) referenced from startup_mimxrt1064.o(.text)
 <LI><a href="#[33]">LPSPI1_IRQHandler</a> from startup_mimxrt1064.o(.text) referenced from startup_mimxrt1064.o(.isr_vector)
 <LI><a href="#[d2]">LPSPI2_DriverIRQHandler</a> from fsl_lpspi.o(.text.LPSPI2_DriverIRQHandler) referenced from startup_mimxrt1064.o(.text)
 <LI><a href="#[34]">LPSPI2_IRQHandler</a> from startup_mimxrt1064.o(.text) referenced from startup_mimxrt1064.o(.isr_vector)
 <LI><a href="#[d3]">LPSPI3_DriverIRQHandler</a> from fsl_lpspi.o(.text.LPSPI3_DriverIRQHandler) referenced from startup_mimxrt1064.o(.text)
 <LI><a href="#[35]">LPSPI3_IRQHandler</a> from startup_mimxrt1064.o(.text) referenced from startup_mimxrt1064.o(.isr_vector)
 <LI><a href="#[d4]">LPSPI4_DriverIRQHandler</a> from fsl_lpspi.o(.text.LPSPI4_DriverIRQHandler) referenced from startup_mimxrt1064.o(.text)
 <LI><a href="#[36]">LPSPI4_IRQHandler</a> from startup_mimxrt1064.o(.text) referenced from startup_mimxrt1064.o(.isr_vector)
 <LI><a href="#[c5]">LPUART1_DriverIRQHandler</a> from fsl_lpuart.o(.text.LPUART1_DriverIRQHandler) referenced from startup_mimxrt1064.o(.text)
 <LI><a href="#[27]">LPUART1_IRQHandler</a> from isr.o(.text.LPUART1_IRQHandler) referenced from startup_mimxrt1064.o(.isr_vector)
 <LI><a href="#[c6]">LPUART2_DriverIRQHandler</a> from fsl_lpuart.o(.text.LPUART2_DriverIRQHandler) referenced from startup_mimxrt1064.o(.text)
 <LI><a href="#[28]">LPUART2_IRQHandler</a> from isr.o(.text.LPUART2_IRQHandler) referenced from startup_mimxrt1064.o(.isr_vector)
 <LI><a href="#[c7]">LPUART3_DriverIRQHandler</a> from fsl_lpuart.o(.text.LPUART3_DriverIRQHandler) referenced from startup_mimxrt1064.o(.text)
 <LI><a href="#[29]">LPUART3_IRQHandler</a> from isr.o(.text.LPUART3_IRQHandler) referenced from startup_mimxrt1064.o(.isr_vector)
 <LI><a href="#[c8]">LPUART4_DriverIRQHandler</a> from fsl_lpuart.o(.text.LPUART4_DriverIRQHandler) referenced from startup_mimxrt1064.o(.text)
 <LI><a href="#[2a]">LPUART4_IRQHandler</a> from isr.o(.text.LPUART4_IRQHandler) referenced from startup_mimxrt1064.o(.isr_vector)
 <LI><a href="#[c9]">LPUART5_DriverIRQHandler</a> from fsl_lpuart.o(.text.LPUART5_DriverIRQHandler) referenced from startup_mimxrt1064.o(.text)
 <LI><a href="#[2b]">LPUART5_IRQHandler</a> from isr.o(.text.LPUART5_IRQHandler) referenced from startup_mimxrt1064.o(.isr_vector)
 <LI><a href="#[ca]">LPUART6_DriverIRQHandler</a> from fsl_lpuart.o(.text.LPUART6_DriverIRQHandler) referenced from startup_mimxrt1064.o(.text)
 <LI><a href="#[2c]">LPUART6_IRQHandler</a> from isr.o(.text.LPUART6_IRQHandler) referenced from startup_mimxrt1064.o(.isr_vector)
 <LI><a href="#[cb]">LPUART7_DriverIRQHandler</a> from fsl_lpuart.o(.text.LPUART7_DriverIRQHandler) referenced from startup_mimxrt1064.o(.text)
 <LI><a href="#[2d]">LPUART7_IRQHandler</a> from startup_mimxrt1064.o(.text) referenced from startup_mimxrt1064.o(.isr_vector)
 <LI><a href="#[cc]">LPUART8_DriverIRQHandler</a> from fsl_lpuart.o(.text.LPUART8_DriverIRQHandler) referenced from startup_mimxrt1064.o(.text)
 <LI><a href="#[2e]">LPUART8_IRQHandler</a> from isr.o(.text.LPUART8_IRQHandler) referenced from startup_mimxrt1064.o(.isr_vector)
 <LI><a href="#[c]">MemManage_Handler</a> from zf_common_vector.o(.text.MemManage_Handler) referenced from startup_mimxrt1064.o(.isr_vector)
 <LI><a href="#[a]">NMI_Handler</a> from zf_common_vector.o(.text.NMI_Handler) referenced from startup_mimxrt1064.o(.isr_vector)
 <LI><a href="#[a]">NMI_Handler</a> from zf_common_vector.o(.text.NMI_Handler) referenced from startup_mimxrt1064.o(.text)
 <LI><a href="#[8d]">PIT_IRQHandler</a> from isr.o(.text.PIT_IRQHandler) referenced from startup_mimxrt1064.o(.isr_vector)
 <LI><a href="#[50]">PMU_EVENT_IRQHandler</a> from startup_mimxrt1064.o(.text) referenced from startup_mimxrt1064.o(.isr_vector)
 <LI><a href="#[79]">PWM1_0_IRQHandler</a> from startup_mimxrt1064.o(.text) referenced from startup_mimxrt1064.o(.isr_vector)
 <LI><a href="#[7a]">PWM1_1_IRQHandler</a> from startup_mimxrt1064.o(.text) referenced from startup_mimxrt1064.o(.isr_vector)
 <LI><a href="#[7b]">PWM1_2_IRQHandler</a> from startup_mimxrt1064.o(.text) referenced from startup_mimxrt1064.o(.isr_vector)
 <LI><a href="#[7c]">PWM1_3_IRQHandler</a> from startup_mimxrt1064.o(.text) referenced from startup_mimxrt1064.o(.isr_vector)
 <LI><a href="#[7d]">PWM1_FAULT_IRQHandler</a> from startup_mimxrt1064.o(.text) referenced from startup_mimxrt1064.o(.isr_vector)
 <LI><a href="#[9c]">PWM2_0_IRQHandler</a> from startup_mimxrt1064.o(.text) referenced from startup_mimxrt1064.o(.isr_vector)
 <LI><a href="#[9d]">PWM2_1_IRQHandler</a> from startup_mimxrt1064.o(.text) referenced from startup_mimxrt1064.o(.isr_vector)
 <LI><a href="#[9e]">PWM2_2_IRQHandler</a> from startup_mimxrt1064.o(.text) referenced from startup_mimxrt1064.o(.isr_vector)
 <LI><a href="#[9f]">PWM2_3_IRQHandler</a> from startup_mimxrt1064.o(.text) referenced from startup_mimxrt1064.o(.isr_vector)
 <LI><a href="#[a0]">PWM2_FAULT_IRQHandler</a> from startup_mimxrt1064.o(.text) referenced from startup_mimxrt1064.o(.isr_vector)
 <LI><a href="#[a1]">PWM3_0_IRQHandler</a> from startup_mimxrt1064.o(.text) referenced from startup_mimxrt1064.o(.isr_vector)
 <LI><a href="#[a2]">PWM3_1_IRQHandler</a> from startup_mimxrt1064.o(.text) referenced from startup_mimxrt1064.o(.isr_vector)
 <LI><a href="#[a3]">PWM3_2_IRQHandler</a> from startup_mimxrt1064.o(.text) referenced from startup_mimxrt1064.o(.isr_vector)
 <LI><a href="#[a4]">PWM3_3_IRQHandler</a> from startup_mimxrt1064.o(.text) referenced from startup_mimxrt1064.o(.isr_vector)
 <LI><a href="#[a5]">PWM3_FAULT_IRQHandler</a> from startup_mimxrt1064.o(.text) referenced from startup_mimxrt1064.o(.isr_vector)
 <LI><a href="#[a6]">PWM4_0_IRQHandler</a> from startup_mimxrt1064.o(.text) referenced from startup_mimxrt1064.o(.isr_vector)
 <LI><a href="#[a7]">PWM4_1_IRQHandler</a> from startup_mimxrt1064.o(.text) referenced from startup_mimxrt1064.o(.isr_vector)
 <LI><a href="#[a8]">PWM4_2_IRQHandler</a> from startup_mimxrt1064.o(.text) referenced from startup_mimxrt1064.o(.isr_vector)
 <LI><a href="#[a9]">PWM4_3_IRQHandler</a> from startup_mimxrt1064.o(.text) referenced from startup_mimxrt1064.o(.isr_vector)
 <LI><a href="#[aa]">PWM4_FAULT_IRQHandler</a> from startup_mimxrt1064.o(.text) referenced from startup_mimxrt1064.o(.isr_vector)
 <LI><a href="#[3f]">PXP_IRQHandler</a> from startup_mimxrt1064.o(.text) referenced from startup_mimxrt1064.o(.isr_vector)
 <LI><a href="#[11]">PendSV_Handler</a> from zf_common_vector.o(.text.PendSV_Handler) referenced from startup_mimxrt1064.o(.isr_vector)
 <LI><a href="#[11]">PendSV_Handler</a> from zf_common_vector.o(.text.PendSV_Handler) referenced from startup_mimxrt1064.o(.text)
 <LI><a href="#[70]">RTWDOG_IRQHandler</a> from startup_mimxrt1064.o(.text) referenced from startup_mimxrt1064.o(.isr_vector)
 <LI><a href="#[76]">Reserved115_IRQHandler</a> from startup_mimxrt1064.o(.text) referenced from startup_mimxrt1064.o(.isr_vector)
 <LI><a href="#[92]">Reserved143_IRQHandler</a> from startup_mimxrt1064.o(.text) referenced from startup_mimxrt1064.o(.isr_vector)
 <LI><a href="#[93]">Reserved144_IRQHandler</a> from startup_mimxrt1064.o(.text) referenced from startup_mimxrt1064.o(.isr_vector)
 <LI><a href="#[ae]">Reserved171_IRQHandler</a> from startup_mimxrt1064.o(.text) referenced from startup_mimxrt1064.o(.isr_vector)
 <LI><a href="#[47]">Reserved68_IRQHandler</a> from startup_mimxrt1064.o(.text) referenced from startup_mimxrt1064.o(.isr_vector)
 <LI><a href="#[51]">Reserved78_IRQHandler</a> from startup_mimxrt1064.o(.text) referenced from startup_mimxrt1064.o(.isr_vector)
 <LI><a href="#[59]">Reserved86_IRQHandler</a> from startup_mimxrt1064.o(.text) referenced from startup_mimxrt1064.o(.isr_vector)
 <LI><a href="#[f0]">Reset_Handler</a> from startup_mimxrt1064.o(.text) referenced from startup_mimxrt1064.o(.isr_vector)
 <LI><a href="#[d7]">SAI1_DriverIRQHandler</a> from fsl_sai.o(.text.SAI1_DriverIRQHandler) referenced from startup_mimxrt1064.o(.text)
 <LI><a href="#[4b]">SAI1_IRQHandler</a> from startup_mimxrt1064.o(.text) referenced from startup_mimxrt1064.o(.isr_vector)
 <LI><a href="#[d8]">SAI2_DriverIRQHandler</a> from fsl_sai.o(.text.SAI2_DriverIRQHandler) referenced from startup_mimxrt1064.o(.text)
 <LI><a href="#[4c]">SAI2_IRQHandler</a> from startup_mimxrt1064.o(.text) referenced from startup_mimxrt1064.o(.isr_vector)
 <LI><a href="#[d9]">SAI3_RX_DriverIRQHandler</a> from fsl_sai.o(.text.SAI3_RX_DriverIRQHandler) referenced from startup_mimxrt1064.o(.text)
 <LI><a href="#[4d]">SAI3_RX_IRQHandler</a> from startup_mimxrt1064.o(.text) referenced from startup_mimxrt1064.o(.isr_vector)
 <LI><a href="#[da]">SAI3_TX_DriverIRQHandler</a> from fsl_sai.o(.text.SAI3_TX_DriverIRQHandler) referenced from startup_mimxrt1064.o(.text)
 <LI><a href="#[4e]">SAI3_TX_IRQHandler</a> from startup_mimxrt1064.o(.text) referenced from startup_mimxrt1064.o(.isr_vector)
 <LI><a href="#[80]">SEMC_IRQHandler</a> from startup_mimxrt1064.o(.text) referenced from startup_mimxrt1064.o(.isr_vector)
 <LI><a href="#[49]">SJC_IRQHandler</a> from startup_mimxrt1064.o(.text) referenced from startup_mimxrt1064.o(.isr_vector)
 <LI><a href="#[41]">SNVS_HP_WRAPPER_IRQHandler</a> from startup_mimxrt1064.o(.text) referenced from startup_mimxrt1064.o(.isr_vector)
 <LI><a href="#[42]">SNVS_HP_WRAPPER_TZ_IRQHandler</a> from startup_mimxrt1064.o(.text) referenced from startup_mimxrt1064.o(.isr_vector)
 <LI><a href="#[43]">SNVS_LP_WRAPPER_IRQHandler</a> from startup_mimxrt1064.o(.text) referenced from startup_mimxrt1064.o(.isr_vector)
 <LI><a href="#[db]">SPDIF_DriverIRQHandler</a> from fsl_spdif.o(.text.SPDIF_DriverIRQHandler) referenced from startup_mimxrt1064.o(.text)
 <LI><a href="#[4f]">SPDIF_IRQHandler</a> from startup_mimxrt1064.o(.text) referenced from startup_mimxrt1064.o(.isr_vector)
 <LI><a href="#[75]">SRC_IRQHandler</a> from startup_mimxrt1064.o(.text) referenced from startup_mimxrt1064.o(.isr_vector)
 <LI><a href="#[f]">SVC_Handler</a> from zf_common_vector.o(.text.SVC_Handler) referenced from startup_mimxrt1064.o(.isr_vector)
 <LI><a href="#[f]">SVC_Handler</a> from zf_common_vector.o(.text.SVC_Handler) referenced from startup_mimxrt1064.o(.text)
 <LI><a href="#[12]">SysTick_Handler</a> from startup_mimxrt1064.o(.text) referenced from startup_mimxrt1064.o(.isr_vector)
 <LI><a href="#[12]">SysTick_Handler</a> from startup_mimxrt1064.o(.text) referenced from startup_mimxrt1064.o(.text)
 <LI><a href="#[b2]">SystemInit</a> from system_mimxrt1064.o(.text.SystemInit) referenced from startup_mimxrt1064.o(.text)
 <LI><a href="#[52]">TEMP_LOW_HIGH_IRQHandler</a> from startup_mimxrt1064.o(.text) referenced from startup_mimxrt1064.o(.isr_vector)
 <LI><a href="#[53]">TEMP_PANIC_IRQHandler</a> from startup_mimxrt1064.o(.text) referenced from startup_mimxrt1064.o(.isr_vector)
 <LI><a href="#[98]">TMR1_IRQHandler</a> from startup_mimxrt1064.o(.text) referenced from startup_mimxrt1064.o(.isr_vector)
 <LI><a href="#[99]">TMR2_IRQHandler</a> from startup_mimxrt1064.o(.text) referenced from startup_mimxrt1064.o(.isr_vector)
 <LI><a href="#[9a]">TMR3_IRQHandler</a> from startup_mimxrt1064.o(.text) referenced from startup_mimxrt1064.o(.isr_vector)
 <LI><a href="#[9b]">TMR4_IRQHandler</a> from startup_mimxrt1064.o(.text) referenced from startup_mimxrt1064.o(.isr_vector)
 <LI><a href="#[48]">TRNG_IRQHandler</a> from startup_mimxrt1064.o(.text) referenced from startup_mimxrt1064.o(.isr_vector)
 <LI><a href="#[3b]">TSC_DIG_IRQHandler</a> from startup_mimxrt1064.o(.text) referenced from startup_mimxrt1064.o(.isr_vector)
 <LI><a href="#[84]">USB_OTG1_IRQHandler</a> from zf_driver_usb_cdc.o(.text.USB_OTG1_IRQHandler) referenced from startup_mimxrt1064.o(.isr_vector)
 <LI><a href="#[83]">USB_OTG2_IRQHandler</a> from zf_driver_usb_cdc.o(.text.USB_OTG2_IRQHandler) referenced from startup_mimxrt1064.o(.isr_vector)
 <LI><a href="#[54]">USB_PHY1_IRQHandler</a> from startup_mimxrt1064.o(.text) referenced from startup_mimxrt1064.o(.isr_vector)
 <LI><a href="#[55]">USB_PHY2_IRQHandler</a> from startup_mimxrt1064.o(.text) referenced from startup_mimxrt1064.o(.isr_vector)
 <LI><a href="#[e0]">USDHC1_DriverIRQHandler</a> from fsl_usdhc.o(.text.USDHC1_DriverIRQHandler) referenced from startup_mimxrt1064.o(.text)
 <LI><a href="#[81]">USDHC1_IRQHandler</a> from startup_mimxrt1064.o(.text) referenced from startup_mimxrt1064.o(.isr_vector)
 <LI><a href="#[e1]">USDHC2_DriverIRQHandler</a> from fsl_usdhc.o(.text.USDHC2_DriverIRQHandler) referenced from startup_mimxrt1064.o(.text)
 <LI><a href="#[82]">USDHC2_IRQHandler</a> from startup_mimxrt1064.o(.text) referenced from startup_mimxrt1064.o(.isr_vector)
 <LI><a href="#[e]">UsageFault_Handler</a> from zf_common_vector.o(.text.UsageFault_Handler) referenced from startup_mimxrt1064.o(.isr_vector)
 <LI><a href="#[6f]">WDOG1_IRQHandler</a> from startup_mimxrt1064.o(.text) referenced from startup_mimxrt1064.o(.isr_vector)
 <LI><a href="#[40]">WDOG2_IRQHandler</a> from startup_mimxrt1064.o(.text) referenced from startup_mimxrt1064.o(.isr_vector)
 <LI><a href="#[87]">XBAR1_IRQ_0_1_IRQHandler</a> from startup_mimxrt1064.o(.text) referenced from startup_mimxrt1064.o(.isr_vector)
 <LI><a href="#[88]">XBAR1_IRQ_2_3_IRQHandler</a> from startup_mimxrt1064.o(.text) referenced from startup_mimxrt1064.o(.isr_vector)
 <LI><a href="#[f1]">__main</a> from __main.o(!!!main) referenced from startup_mimxrt1064.o(.text)
 <LI><a href="#[ea]">_get_lc_ctype</a> from lc_ctype_c.o(locale$$code) referenced from rt_ctype_table.o(.text)
 <LI><a href="#[e9]">_printf_input_char</a> from _printf_char_common.o(.text) referenced from _printf_char_common.o(.text)
 <LI><a href="#[e8]">_sputc</a> from _sputc.o(.text) referenced from sprintf.o(.text)
 <LI><a href="#[ec]">debug_uart_str_output</a> from zf_common_debug.o(.text.debug_uart_str_output) referenced 2 times from zf_common_debug.o(.text.debug_init)
 <LI><a href="#[ee]">tft180_clear</a> from zf_device_tft180.o(.text.tft180_clear) referenced 2 times from zf_device_tft180.o(.text.tft180_debug_init)
 <LI><a href="#[ed]">tft180_show_string</a> from zf_device_tft180.o(.text.tft180_show_string) referenced 2 times from zf_device_tft180.o(.text.tft180_debug_init)
 <LI><a href="#[ef]">type_default_callback</a> from zf_device_type.o(.text.type_default_callback) referenced from zf_device_type.o(.data.camera_uart_handler)
 <LI><a href="#[ef]">type_default_callback</a> from zf_device_type.o(.text.type_default_callback) referenced from zf_device_type.o(.data.flexio_camera_uart_handler)
 <LI><a href="#[ef]">type_default_callback</a> from zf_device_type.o(.text.type_default_callback) referenced from zf_device_type.o(.data.flexio_camera_vsync_handler)
 <LI><a href="#[ef]">type_default_callback</a> from zf_device_type.o(.text.type_default_callback) referenced from zf_device_type.o(.data.tof_module_exti_handler)
 <LI><a href="#[ef]">type_default_callback</a> from zf_device_type.o(.text.type_default_callback) referenced from zf_device_type.o(.data.wireless_module_uart_handler)
</UL>
<P>
<H3>
Global Symbols
</H3>
<P><STRONG><a name="[f1]"></a>__main</STRONG> (Thumb, 8 bytes, Stack size 0 bytes, __main.o(!!!main))
<BR><BR>[Calls]<UL><LI><a href="#[29f]">&gt;&gt;</a>&nbsp;&nbsp;&nbsp;__rt_entry (via Veneer)
<LI><a href="#[29e]">&gt;&gt;</a>&nbsp;&nbsp;&nbsp;__scatterload
</UL>

<P><STRONG><a name="[29e]"></a>__scatterload</STRONG> (Thumb, 0 bytes, Stack size unknown bytes, __scatter.o(!!!scatter))
<BR><BR>[Called By]<UL><LI><a href="#[f1]">&gt;&gt;</a>&nbsp;&nbsp;&nbsp;__main
</UL>

<P><STRONG><a name="[2a0]"></a>__scatterload_rt2</STRONG> (Thumb, 44 bytes, Stack size unknown bytes, __scatter.o(!!!scatter), UNUSED)
<BR><BR>[Calls]<UL><LI><a href="#[29f]">&gt;&gt;</a>&nbsp;&nbsp;&nbsp;__rt_entry (via Veneer)
</UL>

<P><STRONG><a name="[2a3]"></a>__scatterload_rt2_thumb_only</STRONG> (Thumb, 0 bytes, Stack size unknown bytes, __scatter.o(!!!scatter), UNUSED)

<P><STRONG><a name="[2a4]"></a>__scatterload_null</STRONG> (Thumb, 0 bytes, Stack size unknown bytes, __scatter.o(!!!scatter), UNUSED)

<P><STRONG><a name="[2a1]"></a>__scatterload_copy</STRONG> (Thumb, 26 bytes, Stack size unknown bytes, __scatter_copy.o(!!handler_copy), UNUSED)
<BR><BR>[Calls]<UL><LI><a href="#[2a1]">&gt;&gt;</a>&nbsp;&nbsp;&nbsp;__scatterload_copy
</UL>
<BR>[Called By]<UL><LI><a href="#[2a1]">&gt;&gt;</a>&nbsp;&nbsp;&nbsp;__scatterload_copy
</UL>

<P><STRONG><a name="[2a5]"></a>__scatterload_zeroinit</STRONG> (Thumb, 28 bytes, Stack size unknown bytes, __scatter_zi.o(!!handler_zi), UNUSED)

<P><STRONG><a name="[f0]"></a>Reset_Handler</STRONG> (Thumb, 104 bytes, Stack size unknown bytes, startup_mimxrt1064.o(.text))

<P><STRONG><a name="[8e]"></a>ACMP1_IRQHandler</STRONG> (Thumb, 4 bytes, Stack size unknown bytes, startup_mimxrt1064.o(.text))
<BR><BR>[Calls]<UL><LI><a href="#[b1]">&gt;&gt;</a>&nbsp;&nbsp;&nbsp;DefaultISR
</UL>
<BR>[Address Reference Count : 1]<UL><LI> startup_mimxrt1064.o(.isr_vector)
</UL>
<P><STRONG><a name="[8f]"></a>ACMP2_IRQHandler</STRONG> (Thumb, 4 bytes, Stack size unknown bytes, startup_mimxrt1064.o(.text))
<BR>[Address Reference Count : 1]<UL><LI> startup_mimxrt1064.o(.isr_vector)
</UL>
<P><STRONG><a name="[90]"></a>ACMP3_IRQHandler</STRONG> (Thumb, 4 bytes, Stack size unknown bytes, startup_mimxrt1064.o(.text))
<BR>[Address Reference Count : 1]<UL><LI> startup_mimxrt1064.o(.isr_vector)
</UL>
<P><STRONG><a name="[91]"></a>ACMP4_IRQHandler</STRONG> (Thumb, 4 bytes, Stack size unknown bytes, startup_mimxrt1064.o(.text))
<BR>[Address Reference Count : 1]<UL><LI> startup_mimxrt1064.o(.isr_vector)
</UL>
<P><STRONG><a name="[56]"></a>ADC1_IRQHandler</STRONG> (Thumb, 4 bytes, Stack size unknown bytes, startup_mimxrt1064.o(.text))
<BR>[Address Reference Count : 1]<UL><LI> startup_mimxrt1064.o(.isr_vector)
</UL>
<P><STRONG><a name="[57]"></a>ADC2_IRQHandler</STRONG> (Thumb, 4 bytes, Stack size unknown bytes, startup_mimxrt1064.o(.text))
<BR>[Address Reference Count : 1]<UL><LI> startup_mimxrt1064.o(.isr_vector)
</UL>
<P><STRONG><a name="[8c]"></a>ADC_ETC_ERROR_IRQ_IRQHandler</STRONG> (Thumb, 4 bytes, Stack size unknown bytes, startup_mimxrt1064.o(.text))
<BR>[Address Reference Count : 1]<UL><LI> startup_mimxrt1064.o(.isr_vector)
</UL>
<P><STRONG><a name="[89]"></a>ADC_ETC_IRQ0_IRQHandler</STRONG> (Thumb, 4 bytes, Stack size unknown bytes, startup_mimxrt1064.o(.text))
<BR>[Address Reference Count : 1]<UL><LI> startup_mimxrt1064.o(.isr_vector)
</UL>
<P><STRONG><a name="[8a]"></a>ADC_ETC_IRQ1_IRQHandler</STRONG> (Thumb, 4 bytes, Stack size unknown bytes, startup_mimxrt1064.o(.text))
<BR>[Address Reference Count : 1]<UL><LI> startup_mimxrt1064.o(.isr_vector)
</UL>
<P><STRONG><a name="[8b]"></a>ADC_ETC_IRQ2_IRQHandler</STRONG> (Thumb, 4 bytes, Stack size unknown bytes, startup_mimxrt1064.o(.text))
<BR>[Address Reference Count : 1]<UL><LI> startup_mimxrt1064.o(.isr_vector)
</UL>
<P><STRONG><a name="[4a]"></a>BEE_IRQHandler</STRONG> (Thumb, 4 bytes, Stack size unknown bytes, startup_mimxrt1064.o(.text))
<BR>[Address Reference Count : 1]<UL><LI> startup_mimxrt1064.o(.isr_vector)
</UL>
<P><STRONG><a name="[72]"></a>CCM_1_IRQHandler</STRONG> (Thumb, 4 bytes, Stack size unknown bytes, startup_mimxrt1064.o(.text))
<BR>[Address Reference Count : 1]<UL><LI> startup_mimxrt1064.o(.isr_vector)
</UL>
<P><STRONG><a name="[73]"></a>CCM_2_IRQHandler</STRONG> (Thumb, 4 bytes, Stack size unknown bytes, startup_mimxrt1064.o(.text))
<BR>[Address Reference Count : 1]<UL><LI> startup_mimxrt1064.o(.isr_vector)
</UL>
<P><STRONG><a name="[26]"></a>CORE_IRQHandler</STRONG> (Thumb, 4 bytes, Stack size unknown bytes, startup_mimxrt1064.o(.text))
<BR>[Address Reference Count : 1]<UL><LI> startup_mimxrt1064.o(.isr_vector)
</UL>
<P><STRONG><a name="[44]"></a>CSU_IRQHandler</STRONG> (Thumb, 4 bytes, Stack size unknown bytes, startup_mimxrt1064.o(.text))
<BR>[Address Reference Count : 1]<UL><LI> startup_mimxrt1064.o(.isr_vector)
</UL>
<P><STRONG><a name="[24]"></a>CTI0_ERROR_IRQHandler</STRONG> (Thumb, 4 bytes, Stack size unknown bytes, startup_mimxrt1064.o(.text))
<BR>[Address Reference Count : 1]<UL><LI> startup_mimxrt1064.o(.isr_vector)
</UL>
<P><STRONG><a name="[25]"></a>CTI1_ERROR_IRQHandler</STRONG> (Thumb, 4 bytes, Stack size unknown bytes, startup_mimxrt1064.o(.text))
<BR>[Address Reference Count : 1]<UL><LI> startup_mimxrt1064.o(.isr_vector)
</UL>
<P><STRONG><a name="[58]"></a>DCDC_IRQHandler</STRONG> (Thumb, 4 bytes, Stack size unknown bytes, startup_mimxrt1064.o(.text))
<BR>[Address Reference Count : 1]<UL><LI> startup_mimxrt1064.o(.isr_vector)
</UL>
<P><STRONG><a name="[45]"></a>DCP_IRQHandler</STRONG> (Thumb, 4 bytes, Stack size unknown bytes, startup_mimxrt1064.o(.text))
<BR>[Address Reference Count : 1]<UL><LI> startup_mimxrt1064.o(.isr_vector)
</UL>
<P><STRONG><a name="[46]"></a>DCP_VMI_IRQHandler</STRONG> (Thumb, 4 bytes, Stack size unknown bytes, startup_mimxrt1064.o(.text))
<BR>[Address Reference Count : 1]<UL><LI> startup_mimxrt1064.o(.isr_vector)
</UL>
<P><STRONG><a name="[c4]"></a>DMA_ERROR_DriverIRQHandler</STRONG> (Thumb, 4 bytes, Stack size unknown bytes, startup_mimxrt1064.o(.text))
<BR>[Address Reference Count : 1]<UL><LI> startup_mimxrt1064.o(.text)
</UL>
<P><STRONG><a name="[b1]"></a>DefaultISR</STRONG> (Thumb, 4 bytes, Stack size unknown bytes, startup_mimxrt1064.o(.text))
<BR><BR>[Called By]<UL><LI><a href="#[8e]">&gt;&gt;</a>&nbsp;&nbsp;&nbsp;ACMP1_IRQHandler
</UL>
<BR>[Address Reference Count : 5]<UL><LI> fsl_csi.o(.data.s_csiIsr)
<LI> fsl_flexcan.o(.data.s_flexcanIsr)
<LI> fsl_lpuart.o(.data.s_lpuartIsr)
<LI> startup_mimxrt1064.o(.isr_vector)
<LI> fsl_usdhc.o(.data.s_usdhcIsr)
</UL>
<P><STRONG><a name="[94]"></a>ENC1_IRQHandler</STRONG> (Thumb, 4 bytes, Stack size unknown bytes, startup_mimxrt1064.o(.text))
<BR>[Address Reference Count : 1]<UL><LI> startup_mimxrt1064.o(.isr_vector)
</UL>
<P><STRONG><a name="[95]"></a>ENC2_IRQHandler</STRONG> (Thumb, 4 bytes, Stack size unknown bytes, startup_mimxrt1064.o(.text))
<BR>[Address Reference Count : 1]<UL><LI> startup_mimxrt1064.o(.isr_vector)
</UL>
<P><STRONG><a name="[96]"></a>ENC3_IRQHandler</STRONG> (Thumb, 4 bytes, Stack size unknown bytes, startup_mimxrt1064.o(.text))
<BR>[Address Reference Count : 1]<UL><LI> startup_mimxrt1064.o(.isr_vector)
</UL>
<P><STRONG><a name="[97]"></a>ENC4_IRQHandler</STRONG> (Thumb, 4 bytes, Stack size unknown bytes, startup_mimxrt1064.o(.text))
<BR>[Address Reference Count : 1]<UL><LI> startup_mimxrt1064.o(.isr_vector)
</UL>
<P><STRONG><a name="[71]"></a>EWM_IRQHandler</STRONG> (Thumb, 4 bytes, Stack size unknown bytes, startup_mimxrt1064.o(.text))
<BR>[Address Reference Count : 1]<UL><LI> startup_mimxrt1064.o(.isr_vector)
</UL>
<P><STRONG><a name="[39]"></a>FLEXRAM_IRQHandler</STRONG> (Thumb, 4 bytes, Stack size unknown bytes, startup_mimxrt1064.o(.text))
<BR>[Address Reference Count : 1]<UL><LI> startup_mimxrt1064.o(.isr_vector)
</UL>
<P><STRONG><a name="[de]"></a>FLEXSPI2_DriverIRQHandler</STRONG> (Thumb, 4 bytes, Stack size unknown bytes, startup_mimxrt1064.o(.text))
<BR>[Address Reference Count : 1]<UL><LI> startup_mimxrt1064.o(.text)
</UL>
<P><STRONG><a name="[df]"></a>FLEXSPI_DriverIRQHandler</STRONG> (Thumb, 4 bytes, Stack size unknown bytes, startup_mimxrt1064.o(.text))
<BR>[Address Reference Count : 1]<UL><LI> startup_mimxrt1064.o(.text)
</UL>
<P><STRONG><a name="[74]"></a>GPC_IRQHandler</STRONG> (Thumb, 4 bytes, Stack size unknown bytes, startup_mimxrt1064.o(.text))
<BR>[Address Reference Count : 1]<UL><LI> startup_mimxrt1064.o(.isr_vector)
</UL>
<P><STRONG><a name="[5a]"></a>GPIO10_IRQHandler</STRONG> (Thumb, 4 bytes, Stack size unknown bytes, startup_mimxrt1064.o(.text))
<BR>[Address Reference Count : 1]<UL><LI> startup_mimxrt1064.o(.isr_vector)
</UL>
<P><STRONG><a name="[5b]"></a>GPIO1_INT0_IRQHandler</STRONG> (Thumb, 4 bytes, Stack size unknown bytes, startup_mimxrt1064.o(.text))
<BR>[Address Reference Count : 1]<UL><LI> startup_mimxrt1064.o(.isr_vector)
</UL>
<P><STRONG><a name="[5c]"></a>GPIO1_INT1_IRQHandler</STRONG> (Thumb, 4 bytes, Stack size unknown bytes, startup_mimxrt1064.o(.text))
<BR>[Address Reference Count : 1]<UL><LI> startup_mimxrt1064.o(.isr_vector)
</UL>
<P><STRONG><a name="[5d]"></a>GPIO1_INT2_IRQHandler</STRONG> (Thumb, 4 bytes, Stack size unknown bytes, startup_mimxrt1064.o(.text))
<BR>[Address Reference Count : 1]<UL><LI> startup_mimxrt1064.o(.isr_vector)
</UL>
<P><STRONG><a name="[5e]"></a>GPIO1_INT3_IRQHandler</STRONG> (Thumb, 4 bytes, Stack size unknown bytes, startup_mimxrt1064.o(.text))
<BR>[Address Reference Count : 1]<UL><LI> startup_mimxrt1064.o(.isr_vector)
</UL>
<P><STRONG><a name="[5f]"></a>GPIO1_INT4_IRQHandler</STRONG> (Thumb, 4 bytes, Stack size unknown bytes, startup_mimxrt1064.o(.text))
<BR>[Address Reference Count : 1]<UL><LI> startup_mimxrt1064.o(.isr_vector)
</UL>
<P><STRONG><a name="[60]"></a>GPIO1_INT5_IRQHandler</STRONG> (Thumb, 4 bytes, Stack size unknown bytes, startup_mimxrt1064.o(.text))
<BR>[Address Reference Count : 1]<UL><LI> startup_mimxrt1064.o(.isr_vector)
</UL>
<P><STRONG><a name="[61]"></a>GPIO1_INT6_IRQHandler</STRONG> (Thumb, 4 bytes, Stack size unknown bytes, startup_mimxrt1064.o(.text))
<BR>[Address Reference Count : 1]<UL><LI> startup_mimxrt1064.o(.isr_vector)
</UL>
<P><STRONG><a name="[62]"></a>GPIO1_INT7_IRQHandler</STRONG> (Thumb, 4 bytes, Stack size unknown bytes, startup_mimxrt1064.o(.text))
<BR>[Address Reference Count : 1]<UL><LI> startup_mimxrt1064.o(.isr_vector)
</UL>
<P><STRONG><a name="[68]"></a>GPIO3_Combined_16_31_IRQHandler</STRONG> (Thumb, 4 bytes, Stack size unknown bytes, startup_mimxrt1064.o(.text))
<BR>[Address Reference Count : 1]<UL><LI> startup_mimxrt1064.o(.isr_vector)
</UL>
<P><STRONG><a name="[69]"></a>GPIO4_Combined_0_15_IRQHandler</STRONG> (Thumb, 4 bytes, Stack size unknown bytes, startup_mimxrt1064.o(.text))
<BR>[Address Reference Count : 1]<UL><LI> startup_mimxrt1064.o(.isr_vector)
</UL>
<P><STRONG><a name="[6a]"></a>GPIO4_Combined_16_31_IRQHandler</STRONG> (Thumb, 4 bytes, Stack size unknown bytes, startup_mimxrt1064.o(.text))
<BR>[Address Reference Count : 1]<UL><LI> startup_mimxrt1064.o(.isr_vector)
</UL>
<P><STRONG><a name="[6b]"></a>GPIO5_Combined_0_15_IRQHandler</STRONG> (Thumb, 4 bytes, Stack size unknown bytes, startup_mimxrt1064.o(.text))
<BR>[Address Reference Count : 1]<UL><LI> startup_mimxrt1064.o(.isr_vector)
</UL>
<P><STRONG><a name="[6c]"></a>GPIO5_Combined_16_31_IRQHandler</STRONG> (Thumb, 4 bytes, Stack size unknown bytes, startup_mimxrt1064.o(.text))
<BR>[Address Reference Count : 1]<UL><LI> startup_mimxrt1064.o(.isr_vector)
</UL>
<P><STRONG><a name="[b0]"></a>GPIO6_7_8_9_IRQHandler</STRONG> (Thumb, 4 bytes, Stack size unknown bytes, startup_mimxrt1064.o(.text))
<BR>[Address Reference Count : 1]<UL><LI> startup_mimxrt1064.o(.isr_vector)
</UL>
<P><STRONG><a name="[3c]"></a>GPR_IRQ_IRQHandler</STRONG> (Thumb, 4 bytes, Stack size unknown bytes, startup_mimxrt1064.o(.text))
<BR>[Address Reference Count : 1]<UL><LI> startup_mimxrt1064.o(.isr_vector)
</UL>
<P><STRONG><a name="[77]"></a>GPT1_IRQHandler</STRONG> (Thumb, 4 bytes, Stack size unknown bytes, startup_mimxrt1064.o(.text))
<BR>[Address Reference Count : 1]<UL><LI> startup_mimxrt1064.o(.isr_vector)
</UL>
<P><STRONG><a name="[78]"></a>GPT2_IRQHandler</STRONG> (Thumb, 4 bytes, Stack size unknown bytes, startup_mimxrt1064.o(.text))
<BR>[Address Reference Count : 1]<UL><LI> startup_mimxrt1064.o(.isr_vector)
</UL>
<P><STRONG><a name="[3a]"></a>KPP_IRQHandler</STRONG> (Thumb, 4 bytes, Stack size unknown bytes, startup_mimxrt1064.o(.text))
<BR>[Address Reference Count : 1]<UL><LI> startup_mimxrt1064.o(.isr_vector)
</UL>
<P><STRONG><a name="[3d]"></a>LCDIF_IRQHandler</STRONG> (Thumb, 4 bytes, Stack size unknown bytes, startup_mimxrt1064.o(.text))
<BR>[Address Reference Count : 1]<UL><LI> startup_mimxrt1064.o(.isr_vector)
</UL>
<P><STRONG><a name="[50]"></a>PMU_EVENT_IRQHandler</STRONG> (Thumb, 4 bytes, Stack size unknown bytes, startup_mimxrt1064.o(.text))
<BR>[Address Reference Count : 1]<UL><LI> startup_mimxrt1064.o(.isr_vector)
</UL>
<P><STRONG><a name="[79]"></a>PWM1_0_IRQHandler</STRONG> (Thumb, 4 bytes, Stack size unknown bytes, startup_mimxrt1064.o(.text))
<BR>[Address Reference Count : 1]<UL><LI> startup_mimxrt1064.o(.isr_vector)
</UL>
<P><STRONG><a name="[7a]"></a>PWM1_1_IRQHandler</STRONG> (Thumb, 4 bytes, Stack size unknown bytes, startup_mimxrt1064.o(.text))
<BR>[Address Reference Count : 1]<UL><LI> startup_mimxrt1064.o(.isr_vector)
</UL>
<P><STRONG><a name="[7b]"></a>PWM1_2_IRQHandler</STRONG> (Thumb, 4 bytes, Stack size unknown bytes, startup_mimxrt1064.o(.text))
<BR>[Address Reference Count : 1]<UL><LI> startup_mimxrt1064.o(.isr_vector)
</UL>
<P><STRONG><a name="[7c]"></a>PWM1_3_IRQHandler</STRONG> (Thumb, 4 bytes, Stack size unknown bytes, startup_mimxrt1064.o(.text))
<BR>[Address Reference Count : 1]<UL><LI> startup_mimxrt1064.o(.isr_vector)
</UL>
<P><STRONG><a name="[7d]"></a>PWM1_FAULT_IRQHandler</STRONG> (Thumb, 4 bytes, Stack size unknown bytes, startup_mimxrt1064.o(.text))
<BR>[Address Reference Count : 1]<UL><LI> startup_mimxrt1064.o(.isr_vector)
</UL>
<P><STRONG><a name="[9c]"></a>PWM2_0_IRQHandler</STRONG> (Thumb, 4 bytes, Stack size unknown bytes, startup_mimxrt1064.o(.text))
<BR>[Address Reference Count : 1]<UL><LI> startup_mimxrt1064.o(.isr_vector)
</UL>
<P><STRONG><a name="[9d]"></a>PWM2_1_IRQHandler</STRONG> (Thumb, 4 bytes, Stack size unknown bytes, startup_mimxrt1064.o(.text))
<BR>[Address Reference Count : 1]<UL><LI> startup_mimxrt1064.o(.isr_vector)
</UL>
<P><STRONG><a name="[9e]"></a>PWM2_2_IRQHandler</STRONG> (Thumb, 4 bytes, Stack size unknown bytes, startup_mimxrt1064.o(.text))
<BR>[Address Reference Count : 1]<UL><LI> startup_mimxrt1064.o(.isr_vector)
</UL>
<P><STRONG><a name="[9f]"></a>PWM2_3_IRQHandler</STRONG> (Thumb, 4 bytes, Stack size unknown bytes, startup_mimxrt1064.o(.text))
<BR>[Address Reference Count : 1]<UL><LI> startup_mimxrt1064.o(.isr_vector)
</UL>
<P><STRONG><a name="[a0]"></a>PWM2_FAULT_IRQHandler</STRONG> (Thumb, 4 bytes, Stack size unknown bytes, startup_mimxrt1064.o(.text))
<BR>[Address Reference Count : 1]<UL><LI> startup_mimxrt1064.o(.isr_vector)
</UL>
<P><STRONG><a name="[a1]"></a>PWM3_0_IRQHandler</STRONG> (Thumb, 4 bytes, Stack size unknown bytes, startup_mimxrt1064.o(.text))
<BR>[Address Reference Count : 1]<UL><LI> startup_mimxrt1064.o(.isr_vector)
</UL>
<P><STRONG><a name="[a2]"></a>PWM3_1_IRQHandler</STRONG> (Thumb, 4 bytes, Stack size unknown bytes, startup_mimxrt1064.o(.text))
<BR>[Address Reference Count : 1]<UL><LI> startup_mimxrt1064.o(.isr_vector)
</UL>
<P><STRONG><a name="[a3]"></a>PWM3_2_IRQHandler</STRONG> (Thumb, 4 bytes, Stack size unknown bytes, startup_mimxrt1064.o(.text))
<BR>[Address Reference Count : 1]<UL><LI> startup_mimxrt1064.o(.isr_vector)
</UL>
<P><STRONG><a name="[a4]"></a>PWM3_3_IRQHandler</STRONG> (Thumb, 4 bytes, Stack size unknown bytes, startup_mimxrt1064.o(.text))
<BR>[Address Reference Count : 1]<UL><LI> startup_mimxrt1064.o(.isr_vector)
</UL>
<P><STRONG><a name="[a5]"></a>PWM3_FAULT_IRQHandler</STRONG> (Thumb, 4 bytes, Stack size unknown bytes, startup_mimxrt1064.o(.text))
<BR>[Address Reference Count : 1]<UL><LI> startup_mimxrt1064.o(.isr_vector)
</UL>
<P><STRONG><a name="[a6]"></a>PWM4_0_IRQHandler</STRONG> (Thumb, 4 bytes, Stack size unknown bytes, startup_mimxrt1064.o(.text))
<BR>[Address Reference Count : 1]<UL><LI> startup_mimxrt1064.o(.isr_vector)
</UL>
<P><STRONG><a name="[a7]"></a>PWM4_1_IRQHandler</STRONG> (Thumb, 4 bytes, Stack size unknown bytes, startup_mimxrt1064.o(.text))
<BR>[Address Reference Count : 1]<UL><LI> startup_mimxrt1064.o(.isr_vector)
</UL>
<P><STRONG><a name="[a8]"></a>PWM4_2_IRQHandler</STRONG> (Thumb, 4 bytes, Stack size unknown bytes, startup_mimxrt1064.o(.text))
<BR>[Address Reference Count : 1]<UL><LI> startup_mimxrt1064.o(.isr_vector)
</UL>
<P><STRONG><a name="[a9]"></a>PWM4_3_IRQHandler</STRONG> (Thumb, 4 bytes, Stack size unknown bytes, startup_mimxrt1064.o(.text))
<BR>[Address Reference Count : 1]<UL><LI> startup_mimxrt1064.o(.isr_vector)
</UL>
<P><STRONG><a name="[aa]"></a>PWM4_FAULT_IRQHandler</STRONG> (Thumb, 4 bytes, Stack size unknown bytes, startup_mimxrt1064.o(.text))
<BR>[Address Reference Count : 1]<UL><LI> startup_mimxrt1064.o(.isr_vector)
</UL>
<P><STRONG><a name="[3f]"></a>PXP_IRQHandler</STRONG> (Thumb, 4 bytes, Stack size unknown bytes, startup_mimxrt1064.o(.text))
<BR>[Address Reference Count : 1]<UL><LI> startup_mimxrt1064.o(.isr_vector)
</UL>
<P><STRONG><a name="[70]"></a>RTWDOG_IRQHandler</STRONG> (Thumb, 4 bytes, Stack size unknown bytes, startup_mimxrt1064.o(.text))
<BR>[Address Reference Count : 1]<UL><LI> startup_mimxrt1064.o(.isr_vector)
</UL>
<P><STRONG><a name="[76]"></a>Reserved115_IRQHandler</STRONG> (Thumb, 4 bytes, Stack size unknown bytes, startup_mimxrt1064.o(.text))
<BR>[Address Reference Count : 1]<UL><LI> startup_mimxrt1064.o(.isr_vector)
</UL>
<P><STRONG><a name="[92]"></a>Reserved143_IRQHandler</STRONG> (Thumb, 4 bytes, Stack size unknown bytes, startup_mimxrt1064.o(.text))
<BR>[Address Reference Count : 1]<UL><LI> startup_mimxrt1064.o(.isr_vector)
</UL>
<P><STRONG><a name="[93]"></a>Reserved144_IRQHandler</STRONG> (Thumb, 4 bytes, Stack size unknown bytes, startup_mimxrt1064.o(.text))
<BR>[Address Reference Count : 1]<UL><LI> startup_mimxrt1064.o(.isr_vector)
</UL>
<P><STRONG><a name="[ae]"></a>Reserved171_IRQHandler</STRONG> (Thumb, 4 bytes, Stack size unknown bytes, startup_mimxrt1064.o(.text))
<BR>[Address Reference Count : 1]<UL><LI> startup_mimxrt1064.o(.isr_vector)
</UL>
<P><STRONG><a name="[47]"></a>Reserved68_IRQHandler</STRONG> (Thumb, 4 bytes, Stack size unknown bytes, startup_mimxrt1064.o(.text))
<BR>[Address Reference Count : 1]<UL><LI> startup_mimxrt1064.o(.isr_vector)
</UL>
<P><STRONG><a name="[51]"></a>Reserved78_IRQHandler</STRONG> (Thumb, 4 bytes, Stack size unknown bytes, startup_mimxrt1064.o(.text))
<BR>[Address Reference Count : 1]<UL><LI> startup_mimxrt1064.o(.isr_vector)
</UL>
<P><STRONG><a name="[59]"></a>Reserved86_IRQHandler</STRONG> (Thumb, 4 bytes, Stack size unknown bytes, startup_mimxrt1064.o(.text))
<BR>[Address Reference Count : 1]<UL><LI> startup_mimxrt1064.o(.isr_vector)
</UL>
<P><STRONG><a name="[80]"></a>SEMC_IRQHandler</STRONG> (Thumb, 4 bytes, Stack size unknown bytes, startup_mimxrt1064.o(.text))
<BR>[Address Reference Count : 1]<UL><LI> startup_mimxrt1064.o(.isr_vector)
</UL>
<P><STRONG><a name="[49]"></a>SJC_IRQHandler</STRONG> (Thumb, 4 bytes, Stack size unknown bytes, startup_mimxrt1064.o(.text))
<BR>[Address Reference Count : 1]<UL><LI> startup_mimxrt1064.o(.isr_vector)
</UL>
<P><STRONG><a name="[41]"></a>SNVS_HP_WRAPPER_IRQHandler</STRONG> (Thumb, 4 bytes, Stack size unknown bytes, startup_mimxrt1064.o(.text))
<BR>[Address Reference Count : 1]<UL><LI> startup_mimxrt1064.o(.isr_vector)
</UL>
<P><STRONG><a name="[42]"></a>SNVS_HP_WRAPPER_TZ_IRQHandler</STRONG> (Thumb, 4 bytes, Stack size unknown bytes, startup_mimxrt1064.o(.text))
<BR>[Address Reference Count : 1]<UL><LI> startup_mimxrt1064.o(.isr_vector)
</UL>
<P><STRONG><a name="[43]"></a>SNVS_LP_WRAPPER_IRQHandler</STRONG> (Thumb, 4 bytes, Stack size unknown bytes, startup_mimxrt1064.o(.text))
<BR>[Address Reference Count : 1]<UL><LI> startup_mimxrt1064.o(.isr_vector)
</UL>
<P><STRONG><a name="[75]"></a>SRC_IRQHandler</STRONG> (Thumb, 4 bytes, Stack size unknown bytes, startup_mimxrt1064.o(.text))
<BR>[Address Reference Count : 1]<UL><LI> startup_mimxrt1064.o(.isr_vector)
</UL>
<P><STRONG><a name="[52]"></a>TEMP_LOW_HIGH_IRQHandler</STRONG> (Thumb, 4 bytes, Stack size unknown bytes, startup_mimxrt1064.o(.text))
<BR>[Address Reference Count : 1]<UL><LI> startup_mimxrt1064.o(.isr_vector)
</UL>
<P><STRONG><a name="[53]"></a>TEMP_PANIC_IRQHandler</STRONG> (Thumb, 4 bytes, Stack size unknown bytes, startup_mimxrt1064.o(.text))
<BR>[Address Reference Count : 1]<UL><LI> startup_mimxrt1064.o(.isr_vector)
</UL>
<P><STRONG><a name="[98]"></a>TMR1_IRQHandler</STRONG> (Thumb, 4 bytes, Stack size unknown bytes, startup_mimxrt1064.o(.text))
<BR>[Address Reference Count : 1]<UL><LI> startup_mimxrt1064.o(.isr_vector)
</UL>
<P><STRONG><a name="[99]"></a>TMR2_IRQHandler</STRONG> (Thumb, 4 bytes, Stack size unknown bytes, startup_mimxrt1064.o(.text))
<BR>[Address Reference Count : 1]<UL><LI> startup_mimxrt1064.o(.isr_vector)
</UL>
<P><STRONG><a name="[9a]"></a>TMR3_IRQHandler</STRONG> (Thumb, 4 bytes, Stack size unknown bytes, startup_mimxrt1064.o(.text))
<BR>[Address Reference Count : 1]<UL><LI> startup_mimxrt1064.o(.isr_vector)
</UL>
<P><STRONG><a name="[9b]"></a>TMR4_IRQHandler</STRONG> (Thumb, 4 bytes, Stack size unknown bytes, startup_mimxrt1064.o(.text))
<BR>[Address Reference Count : 1]<UL><LI> startup_mimxrt1064.o(.isr_vector)
</UL>
<P><STRONG><a name="[48]"></a>TRNG_IRQHandler</STRONG> (Thumb, 4 bytes, Stack size unknown bytes, startup_mimxrt1064.o(.text))
<BR>[Address Reference Count : 1]<UL><LI> startup_mimxrt1064.o(.isr_vector)
</UL>
<P><STRONG><a name="[3b]"></a>TSC_DIG_IRQHandler</STRONG> (Thumb, 4 bytes, Stack size unknown bytes, startup_mimxrt1064.o(.text))
<BR>[Address Reference Count : 1]<UL><LI> startup_mimxrt1064.o(.isr_vector)
</UL>
<P><STRONG><a name="[54]"></a>USB_PHY1_IRQHandler</STRONG> (Thumb, 4 bytes, Stack size unknown bytes, startup_mimxrt1064.o(.text))
<BR>[Address Reference Count : 1]<UL><LI> startup_mimxrt1064.o(.isr_vector)
</UL>
<P><STRONG><a name="[55]"></a>USB_PHY2_IRQHandler</STRONG> (Thumb, 4 bytes, Stack size unknown bytes, startup_mimxrt1064.o(.text))
<BR>[Address Reference Count : 1]<UL><LI> startup_mimxrt1064.o(.isr_vector)
</UL>
<P><STRONG><a name="[6f]"></a>WDOG1_IRQHandler</STRONG> (Thumb, 4 bytes, Stack size unknown bytes, startup_mimxrt1064.o(.text))
<BR>[Address Reference Count : 1]<UL><LI> startup_mimxrt1064.o(.isr_vector)
</UL>
<P><STRONG><a name="[40]"></a>WDOG2_IRQHandler</STRONG> (Thumb, 4 bytes, Stack size unknown bytes, startup_mimxrt1064.o(.text))
<BR>[Address Reference Count : 1]<UL><LI> startup_mimxrt1064.o(.isr_vector)
</UL>
<P><STRONG><a name="[87]"></a>XBAR1_IRQ_0_1_IRQHandler</STRONG> (Thumb, 4 bytes, Stack size unknown bytes, startup_mimxrt1064.o(.text))
<BR>[Address Reference Count : 1]<UL><LI> startup_mimxrt1064.o(.isr_vector)
</UL>
<P><STRONG><a name="[88]"></a>XBAR1_IRQ_2_3_IRQHandler</STRONG> (Thumb, 4 bytes, Stack size unknown bytes, startup_mimxrt1064.o(.text))
<BR>[Address Reference Count : 1]<UL><LI> startup_mimxrt1064.o(.isr_vector)
</UL>
<P><STRONG><a name="[12]"></a>SysTick_Handler</STRONG> (Thumb, 4 bytes, Stack size unknown bytes, startup_mimxrt1064.o(.text))
<BR>[Address Reference Count : 2]<UL><LI> startup_mimxrt1064.o(.text)
<LI> startup_mimxrt1064.o(.isr_vector)
</UL>
<P><STRONG><a name="[13]"></a>DMA0_DMA16_IRQHandler</STRONG> (Thumb, 4 bytes, Stack size unknown bytes, startup_mimxrt1064.o(.text))
<BR>[Address Reference Count : 1]<UL><LI> startup_mimxrt1064.o(.isr_vector)
</UL>
<P><STRONG><a name="[14]"></a>DMA1_DMA17_IRQHandler</STRONG> (Thumb, 4 bytes, Stack size unknown bytes, startup_mimxrt1064.o(.text))
<BR>[Address Reference Count : 1]<UL><LI> startup_mimxrt1064.o(.isr_vector)
</UL>
<P><STRONG><a name="[15]"></a>DMA2_DMA18_IRQHandler</STRONG> (Thumb, 4 bytes, Stack size unknown bytes, startup_mimxrt1064.o(.text))
<BR>[Address Reference Count : 1]<UL><LI> startup_mimxrt1064.o(.isr_vector)
</UL>
<P><STRONG><a name="[16]"></a>DMA3_DMA19_IRQHandler</STRONG> (Thumb, 4 bytes, Stack size unknown bytes, startup_mimxrt1064.o(.text))
<BR>[Address Reference Count : 1]<UL><LI> startup_mimxrt1064.o(.isr_vector)
</UL>
<P><STRONG><a name="[17]"></a>DMA4_DMA20_IRQHandler</STRONG> (Thumb, 4 bytes, Stack size unknown bytes, startup_mimxrt1064.o(.text))
<BR>[Address Reference Count : 1]<UL><LI> startup_mimxrt1064.o(.isr_vector)
</UL>
<P><STRONG><a name="[18]"></a>DMA5_DMA21_IRQHandler</STRONG> (Thumb, 4 bytes, Stack size unknown bytes, startup_mimxrt1064.o(.text))
<BR>[Address Reference Count : 1]<UL><LI> startup_mimxrt1064.o(.isr_vector)
</UL>
<P><STRONG><a name="[19]"></a>DMA6_DMA22_IRQHandler</STRONG> (Thumb, 4 bytes, Stack size unknown bytes, startup_mimxrt1064.o(.text))
<BR>[Address Reference Count : 1]<UL><LI> startup_mimxrt1064.o(.isr_vector)
</UL>
<P><STRONG><a name="[1a]"></a>DMA7_DMA23_IRQHandler</STRONG> (Thumb, 4 bytes, Stack size unknown bytes, startup_mimxrt1064.o(.text))
<BR>[Address Reference Count : 1]<UL><LI> startup_mimxrt1064.o(.isr_vector)
</UL>
<P><STRONG><a name="[1b]"></a>DMA8_DMA24_IRQHandler</STRONG> (Thumb, 4 bytes, Stack size unknown bytes, startup_mimxrt1064.o(.text))
<BR>[Address Reference Count : 1]<UL><LI> startup_mimxrt1064.o(.isr_vector)
</UL>
<P><STRONG><a name="[1c]"></a>DMA9_DMA25_IRQHandler</STRONG> (Thumb, 4 bytes, Stack size unknown bytes, startup_mimxrt1064.o(.text))
<BR>[Address Reference Count : 1]<UL><LI> startup_mimxrt1064.o(.isr_vector)
</UL>
<P><STRONG><a name="[1d]"></a>DMA10_DMA26_IRQHandler</STRONG> (Thumb, 4 bytes, Stack size unknown bytes, startup_mimxrt1064.o(.text))
<BR>[Address Reference Count : 1]<UL><LI> startup_mimxrt1064.o(.isr_vector)
</UL>
<P><STRONG><a name="[1e]"></a>DMA11_DMA27_IRQHandler</STRONG> (Thumb, 4 bytes, Stack size unknown bytes, startup_mimxrt1064.o(.text))
<BR>[Address Reference Count : 1]<UL><LI> startup_mimxrt1064.o(.isr_vector)
</UL>
<P><STRONG><a name="[1f]"></a>DMA12_DMA28_IRQHandler</STRONG> (Thumb, 4 bytes, Stack size unknown bytes, startup_mimxrt1064.o(.text))
<BR>[Address Reference Count : 1]<UL><LI> startup_mimxrt1064.o(.isr_vector)
</UL>
<P><STRONG><a name="[20]"></a>DMA13_DMA29_IRQHandler</STRONG> (Thumb, 4 bytes, Stack size unknown bytes, startup_mimxrt1064.o(.text))
<BR>[Address Reference Count : 1]<UL><LI> startup_mimxrt1064.o(.isr_vector)
</UL>
<P><STRONG><a name="[21]"></a>DMA14_DMA30_IRQHandler</STRONG> (Thumb, 4 bytes, Stack size unknown bytes, startup_mimxrt1064.o(.text))
<BR>[Address Reference Count : 1]<UL><LI> startup_mimxrt1064.o(.isr_vector)
</UL>
<P><STRONG><a name="[22]"></a>DMA15_DMA31_IRQHandler</STRONG> (Thumb, 4 bytes, Stack size unknown bytes, startup_mimxrt1064.o(.text))
<BR>[Address Reference Count : 1]<UL><LI> startup_mimxrt1064.o(.isr_vector)
</UL>
<P><STRONG><a name="[23]"></a>DMA_ERROR_IRQHandler</STRONG> (Thumb, 4 bytes, Stack size unknown bytes, startup_mimxrt1064.o(.text))
<BR>[Address Reference Count : 1]<UL><LI> startup_mimxrt1064.o(.isr_vector)
</UL>
<P><STRONG><a name="[2d]"></a>LPUART7_IRQHandler</STRONG> (Thumb, 4 bytes, Stack size unknown bytes, startup_mimxrt1064.o(.text))
<BR>[Address Reference Count : 1]<UL><LI> startup_mimxrt1064.o(.isr_vector)
</UL>
<P><STRONG><a name="[2f]"></a>LPI2C1_IRQHandler</STRONG> (Thumb, 4 bytes, Stack size unknown bytes, startup_mimxrt1064.o(.text))
<BR>[Address Reference Count : 1]<UL><LI> startup_mimxrt1064.o(.isr_vector)
</UL>
<P><STRONG><a name="[30]"></a>LPI2C2_IRQHandler</STRONG> (Thumb, 4 bytes, Stack size unknown bytes, startup_mimxrt1064.o(.text))
<BR>[Address Reference Count : 1]<UL><LI> startup_mimxrt1064.o(.isr_vector)
</UL>
<P><STRONG><a name="[31]"></a>LPI2C3_IRQHandler</STRONG> (Thumb, 4 bytes, Stack size unknown bytes, startup_mimxrt1064.o(.text))
<BR>[Address Reference Count : 1]<UL><LI> startup_mimxrt1064.o(.isr_vector)
</UL>
<P><STRONG><a name="[32]"></a>LPI2C4_IRQHandler</STRONG> (Thumb, 4 bytes, Stack size unknown bytes, startup_mimxrt1064.o(.text))
<BR>[Address Reference Count : 1]<UL><LI> startup_mimxrt1064.o(.isr_vector)
</UL>
<P><STRONG><a name="[33]"></a>LPSPI1_IRQHandler</STRONG> (Thumb, 4 bytes, Stack size unknown bytes, startup_mimxrt1064.o(.text))
<BR>[Address Reference Count : 1]<UL><LI> startup_mimxrt1064.o(.isr_vector)
</UL>
<P><STRONG><a name="[34]"></a>LPSPI2_IRQHandler</STRONG> (Thumb, 4 bytes, Stack size unknown bytes, startup_mimxrt1064.o(.text))
<BR>[Address Reference Count : 1]<UL><LI> startup_mimxrt1064.o(.isr_vector)
</UL>
<P><STRONG><a name="[35]"></a>LPSPI3_IRQHandler</STRONG> (Thumb, 4 bytes, Stack size unknown bytes, startup_mimxrt1064.o(.text))
<BR>[Address Reference Count : 1]<UL><LI> startup_mimxrt1064.o(.isr_vector)
</UL>
<P><STRONG><a name="[36]"></a>LPSPI4_IRQHandler</STRONG> (Thumb, 4 bytes, Stack size unknown bytes, startup_mimxrt1064.o(.text))
<BR>[Address Reference Count : 1]<UL><LI> startup_mimxrt1064.o(.isr_vector)
</UL>
<P><STRONG><a name="[37]"></a>CAN1_IRQHandler</STRONG> (Thumb, 4 bytes, Stack size unknown bytes, startup_mimxrt1064.o(.text))
<BR>[Address Reference Count : 1]<UL><LI> startup_mimxrt1064.o(.isr_vector)
</UL>
<P><STRONG><a name="[38]"></a>CAN2_IRQHandler</STRONG> (Thumb, 4 bytes, Stack size unknown bytes, startup_mimxrt1064.o(.text))
<BR>[Address Reference Count : 1]<UL><LI> startup_mimxrt1064.o(.isr_vector)
</UL>
<P><STRONG><a name="[4b]"></a>SAI1_IRQHandler</STRONG> (Thumb, 4 bytes, Stack size unknown bytes, startup_mimxrt1064.o(.text))
<BR>[Address Reference Count : 1]<UL><LI> startup_mimxrt1064.o(.isr_vector)
</UL>
<P><STRONG><a name="[4c]"></a>SAI2_IRQHandler</STRONG> (Thumb, 4 bytes, Stack size unknown bytes, startup_mimxrt1064.o(.text))
<BR>[Address Reference Count : 1]<UL><LI> startup_mimxrt1064.o(.isr_vector)
</UL>
<P><STRONG><a name="[4d]"></a>SAI3_RX_IRQHandler</STRONG> (Thumb, 4 bytes, Stack size unknown bytes, startup_mimxrt1064.o(.text))
<BR>[Address Reference Count : 1]<UL><LI> startup_mimxrt1064.o(.isr_vector)
</UL>
<P><STRONG><a name="[4e]"></a>SAI3_TX_IRQHandler</STRONG> (Thumb, 4 bytes, Stack size unknown bytes, startup_mimxrt1064.o(.text))
<BR>[Address Reference Count : 1]<UL><LI> startup_mimxrt1064.o(.isr_vector)
</UL>
<P><STRONG><a name="[4f]"></a>SPDIF_IRQHandler</STRONG> (Thumb, 4 bytes, Stack size unknown bytes, startup_mimxrt1064.o(.text))
<BR>[Address Reference Count : 1]<UL><LI> startup_mimxrt1064.o(.isr_vector)
</UL>
<P><STRONG><a name="[6d]"></a>FLEXIO1_IRQHandler</STRONG> (Thumb, 4 bytes, Stack size unknown bytes, startup_mimxrt1064.o(.text))
<BR>[Address Reference Count : 1]<UL><LI> startup_mimxrt1064.o(.isr_vector)
</UL>
<P><STRONG><a name="[6e]"></a>FLEXIO2_IRQHandler</STRONG> (Thumb, 4 bytes, Stack size unknown bytes, startup_mimxrt1064.o(.text))
<BR>[Address Reference Count : 1]<UL><LI> startup_mimxrt1064.o(.isr_vector)
</UL>
<P><STRONG><a name="[7e]"></a>FLEXSPI2_IRQHandler</STRONG> (Thumb, 4 bytes, Stack size unknown bytes, startup_mimxrt1064.o(.text))
<BR>[Address Reference Count : 1]<UL><LI> startup_mimxrt1064.o(.isr_vector)
</UL>
<P><STRONG><a name="[7f]"></a>FLEXSPI_IRQHandler</STRONG> (Thumb, 4 bytes, Stack size unknown bytes, startup_mimxrt1064.o(.text))
<BR>[Address Reference Count : 1]<UL><LI> startup_mimxrt1064.o(.isr_vector)
</UL>
<P><STRONG><a name="[81]"></a>USDHC1_IRQHandler</STRONG> (Thumb, 4 bytes, Stack size unknown bytes, startup_mimxrt1064.o(.text))
<BR>[Address Reference Count : 1]<UL><LI> startup_mimxrt1064.o(.isr_vector)
</UL>
<P><STRONG><a name="[82]"></a>USDHC2_IRQHandler</STRONG> (Thumb, 4 bytes, Stack size unknown bytes, startup_mimxrt1064.o(.text))
<BR>[Address Reference Count : 1]<UL><LI> startup_mimxrt1064.o(.isr_vector)
</UL>
<P><STRONG><a name="[85]"></a>ENET_IRQHandler</STRONG> (Thumb, 4 bytes, Stack size unknown bytes, startup_mimxrt1064.o(.text))
<BR>[Address Reference Count : 1]<UL><LI> startup_mimxrt1064.o(.isr_vector)
</UL>
<P><STRONG><a name="[86]"></a>ENET_1588_Timer_IRQHandler</STRONG> (Thumb, 4 bytes, Stack size unknown bytes, startup_mimxrt1064.o(.text))
<BR>[Address Reference Count : 1]<UL><LI> startup_mimxrt1064.o(.isr_vector)
</UL>
<P><STRONG><a name="[ab]"></a>ENET2_IRQHandler</STRONG> (Thumb, 4 bytes, Stack size unknown bytes, startup_mimxrt1064.o(.text))
<BR>[Address Reference Count : 1]<UL><LI> startup_mimxrt1064.o(.isr_vector)
</UL>
<P><STRONG><a name="[ac]"></a>ENET2_1588_Timer_IRQHandler</STRONG> (Thumb, 4 bytes, Stack size unknown bytes, startup_mimxrt1064.o(.text))
<BR>[Address Reference Count : 1]<UL><LI> startup_mimxrt1064.o(.isr_vector)
</UL>
<P><STRONG><a name="[ad]"></a>CAN3_IRQHandler</STRONG> (Thumb, 4 bytes, Stack size unknown bytes, startup_mimxrt1064.o(.text))
<BR>[Address Reference Count : 1]<UL><LI> startup_mimxrt1064.o(.isr_vector)
</UL>
<P><STRONG><a name="[af]"></a>FLEXIO3_IRQHandler</STRONG> (Thumb, 4 bytes, Stack size unknown bytes, startup_mimxrt1064.o(.text))
<BR>[Address Reference Count : 1]<UL><LI> startup_mimxrt1064.o(.isr_vector)
</UL>
<P><STRONG><a name="[b2]"></a>SystemInit</STRONG> (Thumb, 424 bytes, Stack size 24 bytes, system_mimxrt1064.o(.text.SystemInit))
<BR><BR>[Stack]<UL><LI>Max Depth = 24<LI>Call Chain = SystemInit
</UL>
<BR>[Calls]<UL><LI><a href="#[2a2]">&gt;&gt;</a>&nbsp;&nbsp;&nbsp;SystemInitHook
</UL>
<BR>[Address Reference Count : 1]<UL><LI> startup_mimxrt1064.o(.text)
</UL>
<P><STRONG><a name="[2a2]"></a>SystemInitHook</STRONG> (Thumb, 2 bytes, Stack size 0 bytes, system_mimxrt1064.o(.text.SystemInitHook))
<BR><BR>[Called By]<UL><LI><a href="#[b2]">&gt;&gt;</a>&nbsp;&nbsp;&nbsp;SystemInit
</UL>

<P><STRONG><a name="[f2]"></a>_printf_n</STRONG> (Thumb, 0 bytes, Stack size unknown bytes, _printf_n.o(.ARM.Collect$$_printf_percent$$00000001))
<BR><BR>[Calls]<UL><LI><a href="#[f3]">&gt;&gt;</a>&nbsp;&nbsp;&nbsp;_printf_charcount
</UL>

<P><STRONG><a name="[14d]"></a>_printf_percent</STRONG> (Thumb, 0 bytes, Stack size unknown bytes, _printf_percent.o(.ARM.Collect$$_printf_percent$$00000000))
<BR><BR>[Called By]<UL><LI><a href="#[146]">&gt;&gt;</a>&nbsp;&nbsp;&nbsp;__printf
</UL>

<P><STRONG><a name="[f4]"></a>_printf_p</STRONG> (Thumb, 0 bytes, Stack size unknown bytes, _printf_p.o(.ARM.Collect$$_printf_percent$$00000002))
<BR><BR>[Stack]<UL><LI>Max Depth = 64 + Unknown Stack Size
<LI>Call Chain = _printf_p &rArr; _printf_hex_ptr &rArr; _printf_longlong_hex &rArr; _printf_int_common &rArr; _printf_post_padding
</UL>
<BR>[Calls]<UL><LI><a href="#[f5]">&gt;&gt;</a>&nbsp;&nbsp;&nbsp;_printf_hex_ptr
</UL>

<P><STRONG><a name="[f6]"></a>_printf_f</STRONG> (Thumb, 0 bytes, Stack size unknown bytes, _printf_f.o(.ARM.Collect$$_printf_percent$$00000003))
<BR><BR>[Stack]<UL><LI>Max Depth = 324 + Unknown Stack Size
<LI>Call Chain = _printf_f &rArr; _printf_fp_dec &rArr; _printf_fp_dec_real &rArr; _fp_digits &rArr; _btod_etento &rArr; _btod_emul &rArr; _e2e
</UL>
<BR>[Calls]<UL><LI><a href="#[f7]">&gt;&gt;</a>&nbsp;&nbsp;&nbsp;_printf_fp_dec
</UL>

<P><STRONG><a name="[f8]"></a>_printf_e</STRONG> (Thumb, 0 bytes, Stack size unknown bytes, _printf_e.o(.ARM.Collect$$_printf_percent$$00000004))
<BR><BR>[Stack]<UL><LI>Max Depth = 324 + Unknown Stack Size
<LI>Call Chain = _printf_e &rArr; _printf_fp_dec &rArr; _printf_fp_dec_real &rArr; _fp_digits &rArr; _btod_etento &rArr; _btod_emul &rArr; _e2e
</UL>
<BR>[Calls]<UL><LI><a href="#[f7]">&gt;&gt;</a>&nbsp;&nbsp;&nbsp;_printf_fp_dec
</UL>

<P><STRONG><a name="[f9]"></a>_printf_g</STRONG> (Thumb, 0 bytes, Stack size unknown bytes, _printf_g.o(.ARM.Collect$$_printf_percent$$00000005))
<BR><BR>[Stack]<UL><LI>Max Depth = 324 + Unknown Stack Size
<LI>Call Chain = _printf_g &rArr; _printf_fp_dec &rArr; _printf_fp_dec_real &rArr; _fp_digits &rArr; _btod_etento &rArr; _btod_emul &rArr; _e2e
</UL>
<BR>[Calls]<UL><LI><a href="#[f7]">&gt;&gt;</a>&nbsp;&nbsp;&nbsp;_printf_fp_dec
</UL>

<P><STRONG><a name="[fa]"></a>_printf_a</STRONG> (Thumb, 0 bytes, Stack size unknown bytes, _printf_a.o(.ARM.Collect$$_printf_percent$$00000006))
<BR><BR>[Stack]<UL><LI>Max Depth = 112 + Unknown Stack Size
<LI>Call Chain = _printf_a &rArr; _printf_fp_hex &rArr; _printf_fp_hex_real &rArr; _printf_fp_infnan &rArr; _printf_post_padding
</UL>
<BR>[Calls]<UL><LI><a href="#[fb]">&gt;&gt;</a>&nbsp;&nbsp;&nbsp;_printf_fp_hex
</UL>

<P><STRONG><a name="[2a6]"></a>_printf_ll</STRONG> (Thumb, 0 bytes, Stack size unknown bytes, _printf_ll.o(.ARM.Collect$$_printf_percent$$00000007))

<P><STRONG><a name="[fc]"></a>_printf_i</STRONG> (Thumb, 0 bytes, Stack size unknown bytes, _printf_i.o(.ARM.Collect$$_printf_percent$$00000008))
<BR><BR>[Stack]<UL><LI>Max Depth = 72 + Unknown Stack Size
<LI>Call Chain = _printf_i &rArr; _printf_int_dec &rArr; _printf_int_common &rArr; _printf_post_padding
</UL>
<BR>[Calls]<UL><LI><a href="#[fd]">&gt;&gt;</a>&nbsp;&nbsp;&nbsp;_printf_int_dec
</UL>

<P><STRONG><a name="[fe]"></a>_printf_d</STRONG> (Thumb, 0 bytes, Stack size unknown bytes, _printf_d.o(.ARM.Collect$$_printf_percent$$00000009))
<BR><BR>[Stack]<UL><LI>Max Depth = 72 + Unknown Stack Size
<LI>Call Chain = _printf_d &rArr; _printf_int_dec &rArr; _printf_int_common &rArr; _printf_post_padding
</UL>
<BR>[Calls]<UL><LI><a href="#[fd]">&gt;&gt;</a>&nbsp;&nbsp;&nbsp;_printf_int_dec
</UL>

<P><STRONG><a name="[ff]"></a>_printf_u</STRONG> (Thumb, 0 bytes, Stack size unknown bytes, _printf_u.o(.ARM.Collect$$_printf_percent$$0000000A))
<BR><BR>[Stack]<UL><LI>Max Depth = 72 + Unknown Stack Size
<LI>Call Chain = _printf_u &rArr; _printf_int_dec &rArr; _printf_int_common &rArr; _printf_post_padding
</UL>
<BR>[Calls]<UL><LI><a href="#[fd]">&gt;&gt;</a>&nbsp;&nbsp;&nbsp;_printf_int_dec
</UL>

<P><STRONG><a name="[100]"></a>_printf_o</STRONG> (Thumb, 0 bytes, Stack size unknown bytes, _printf_o.o(.ARM.Collect$$_printf_percent$$0000000B))
<BR><BR>[Stack]<UL><LI>Max Depth = 64 + Unknown Stack Size
<LI>Call Chain = _printf_o &rArr; _printf_int_oct &rArr; _printf_longlong_oct &rArr; _printf_int_common &rArr; _printf_post_padding
</UL>
<BR>[Calls]<UL><LI><a href="#[101]">&gt;&gt;</a>&nbsp;&nbsp;&nbsp;_printf_int_oct
</UL>

<P><STRONG><a name="[102]"></a>_printf_x</STRONG> (Thumb, 0 bytes, Stack size unknown bytes, _printf_x.o(.ARM.Collect$$_printf_percent$$0000000C))
<BR><BR>[Stack]<UL><LI>Max Depth = 80 + Unknown Stack Size
<LI>Call Chain = _printf_x &rArr; _printf_int_hex &rArr; _printf_longlong_hex &rArr; _printf_int_common &rArr; _printf_post_padding
</UL>
<BR>[Calls]<UL><LI><a href="#[103]">&gt;&gt;</a>&nbsp;&nbsp;&nbsp;_printf_int_hex
</UL>

[...]
<BR><BR>[Stack]<UL><LI>Max Depth = 928<LI>Call Chain = PWM_GetInstance &rArr; __aeabi_assert &rArr; DbgConsole_Printf &rArr; DbgConsole_Vprintf &rArr; DbgConsole_PrintfFormattedData &rArr; DbgConsole_ConvertFloatRadixNumToString &rArr; __hardfp_pow &rArr; __ARM_scalbn &rArr; __fpl_exception &rArr; _fp_trapveneer &rArr; _fp_trap &rArr; __rt_SIGFPE &rArr; __rt_SIGFPE_inner &rArr; __default_signal_display &rArr; _ttywrch
</UL>
<BR>[Calls]<UL><LI><a href="#[16b]">&gt;&gt;</a>&nbsp;&nbsp;&nbsp;__aeabi_assert
</UL>
<BR>[Called By]<UL><LI><a href="#[21e]">&gt;&gt;</a>&nbsp;&nbsp;&nbsp;PWM_Init
<LI><a href="#[21b]">&gt;&gt;</a>&nbsp;&nbsp;&nbsp;PWM_Deinit
</UL>

<P><STRONG><a name="[197]"></a>_SDK_AtomicLocalClearAndSet4Byte</STRONG> (Thumb, 68 bytes, Stack size 36 bytes, fsl_pwm.o(.text._SDK_AtomicLocalClearAndSet4Byte))
<BR><BR>[Stack]<UL><LI>Max Depth = 36<LI>Call Chain = _SDK_AtomicLocalClearAndSet4Byte
</UL>
<BR>[Called By]<UL><LI><a href="#[196]">&gt;&gt;</a>&nbsp;&nbsp;&nbsp;CLOCK_ControlGate
</UL>

<P><STRONG><a name="[198]"></a>CLOCK_ControlGate</STRONG> (Thumb, 118 bytes, Stack size 40 bytes, fsl_qtmr.o(.text.CLOCK_ControlGate))
<BR><BR>[Stack]<UL><LI>Max Depth = 952<LI>Call Chain = CLOCK_ControlGate &rArr; __aeabi_assert &rArr; DbgConsole_Printf &rArr; DbgConsole_Vprintf &rArr; DbgConsole_PrintfFormattedData &rArr; DbgConsole_ConvertFloatRadixNumToString &rArr; __hardfp_pow &rArr; __ARM_scalbn &rArr; __fpl_exception &rArr; _fp_trapveneer &rArr; _fp_trap &rArr; __rt_SIGFPE &rArr; __rt_SIGFPE_inner &rArr; __default_signal_display &rArr; _ttywrch
</UL>
<BR>[Calls]<UL><LI><a href="#[16b]">&gt;&gt;</a>&nbsp;&nbsp;&nbsp;__aeabi_assert
<LI><a href="#[199]">&gt;&gt;</a>&nbsp;&nbsp;&nbsp;_SDK_AtomicLocalClearAndSet4Byte
</UL>
<BR>[Called By]<UL><LI><a href="#[1a7]">&gt;&gt;</a>&nbsp;&nbsp;&nbsp;CLOCK_EnableClock
<LI><a href="#[1a0]">&gt;&gt;</a>&nbsp;&nbsp;&nbsp;CLOCK_DisableClock
</UL>

<P><STRONG><a name="[1a0]"></a>CLOCK_DisableClock</STRONG> (Thumb, 28 bytes, Stack size 16 bytes, fsl_qtmr.o(.text.CLOCK_DisableClock))
<BR><BR>[Stack]<UL><LI>Max Depth = 968<LI>Call Chain = CLOCK_DisableClock &rArr; CLOCK_ControlGate &rArr; __aeabi_assert &rArr; DbgConsole_Printf &rArr; DbgConsole_Vprintf &rArr; DbgConsole_PrintfFormattedData &rArr; DbgConsole_ConvertFloatRadixNumToString &rArr; __hardfp_pow &rArr; __ARM_scalbn &rArr; __fpl_exception &rArr; _fp_trapveneer &rArr; _fp_trap &rArr; __rt_SIGFPE &rArr; __rt_SIGFPE_inner &rArr; __default_signal_display &rArr; _ttywrch
</UL>
<BR>[Calls]<UL><LI><a href="#[198]">&gt;&gt;</a>&nbsp;&nbsp;&nbsp;CLOCK_ControlGate
</UL>
<BR>[Called By]<UL><LI><a href="#[222]">&gt;&gt;</a>&nbsp;&nbsp;&nbsp;QTMR_Deinit
</UL>

<P><STRONG><a name="[1a7]"></a>CLOCK_EnableClock</STRONG> (Thumb, 28 bytes, Stack size 16 bytes, fsl_qtmr.o(.text.CLOCK_EnableClock))
<BR><BR>[Stack]<UL><LI>Max Depth = 968<LI>Call Chain = CLOCK_EnableClock &rArr; CLOCK_ControlGate &rArr; __aeabi_assert &rArr; DbgConsole_Printf &rArr; DbgConsole_Vprintf &rArr; DbgConsole_PrintfFormattedData &rArr; DbgConsole_ConvertFloatRadixNumToString &rArr; __hardfp_pow &rArr; __ARM_scalbn &rArr; __fpl_exception &rArr; _fp_trapveneer &rArr; _fp_trap &rArr; __rt_SIGFPE &rArr; __rt_SIGFPE_inner &rArr; __default_signal_display &rArr; _ttywrch
</UL>
<BR>[Calls]<UL><LI><a href="#[198]">&gt;&gt;</a>&nbsp;&nbsp;&nbsp;CLOCK_ControlGate
</UL>
<BR>[Called By]<UL><LI><a href="#[225]">&gt;&gt;</a>&nbsp;&nbsp;&nbsp;QTMR_Init
</UL>

<P><STRONG><a name="[223]"></a>QTMR_GetInstance</STRONG> (Thumb, 94 bytes, Stack size 16 bytes, fsl_qtmr.o(.text.QTMR_GetInstance))
<BR><BR>[Stack]<UL><LI>Max Depth = 928<LI>Call Chain = QTMR_GetInstance &rArr; __aeabi_assert &rArr; DbgConsole_Printf &rArr; DbgConsole_Vprintf &rArr; DbgConsole_PrintfFormattedData &rArr; DbgConsole_ConvertFloatRadixNumToString &rArr; __hardfp_pow &rArr; __ARM_scalbn &rArr; __fpl_exception &rArr; _fp_trapveneer &rArr; _fp_trap &rArr; __rt_SIGFPE &rArr; __rt_SIGFPE_inner &rArr; __default_signal_display &rArr; _ttywrch
</UL>
<BR>[Calls]<UL><LI><a href="#[16b]">&gt;&gt;</a>&nbsp;&nbsp;&nbsp;__aeabi_assert
</UL>
<BR>[Called By]<UL><LI><a href="#[225]">&gt;&gt;</a>&nbsp;&nbsp;&nbsp;QTMR_Init
<LI><a href="#[222]">&gt;&gt;</a>&nbsp;&nbsp;&nbsp;QTMR_Deinit
</UL>

<P><STRONG><a name="[199]"></a>_SDK_AtomicLocalClearAndSet4Byte</STRONG> (Thumb, 68 bytes, Stack size 36 bytes, fsl_qtmr.o(.text._SDK_AtomicLocalClearAndSet4Byte))
<BR><BR>[Stack]<UL><LI>Max Depth = 36<LI>Call Chain = _SDK_AtomicLocalClearAndSet4Byte
</UL>
<BR>[Called By]<UL><LI><a href="#[198]">&gt;&gt;</a>&nbsp;&nbsp;&nbsp;CLOCK_ControlGate
</UL>

<P><STRONG><a name="[226]"></a>SAI_RxGetEnabledInterruptStatus</STRONG> (Thumb, 74 bytes, Stack size 40 bytes, fsl_sai.o(.text.SAI_RxGetEnabledInterruptStatus))
<BR><BR>[Stack]<UL><LI>Max Depth = 40<LI>Call Chain = SAI_RxGetEnabledInterruptStatus
</UL>
<BR>[Called By]<UL><LI><a href="#[d8]">&gt;&gt;</a>&nbsp;&nbsp;&nbsp;SAI2_DriverIRQHandler
<LI><a href="#[d7]">&gt;&gt;</a>&nbsp;&nbsp;&nbsp;SAI1_DriverIRQHandler
</UL>

<P><STRONG><a name="[227]"></a>SAI_TxGetEnabledInterruptStatus</STRONG> (Thumb, 72 bytes, Stack size 40 bytes, fsl_sai.o(.text.SAI_TxGetEnabledInterruptStatus))
<BR><BR>[Stack]<UL><LI>Max Depth = 40<LI>Call Chain = SAI_TxGetEnabledInterruptStatus
</UL>
<BR>[Called By]<UL><LI><a href="#[d8]">&gt;&gt;</a>&nbsp;&nbsp;&nbsp;SAI2_DriverIRQHandler
<LI><a href="#[d7]">&gt;&gt;</a>&nbsp;&nbsp;&nbsp;SAI1_DriverIRQHandler
</UL>

<P><STRONG><a name="[182]"></a>ARM_MPU_Disable</STRONG> (Thumb, 38 bytes, Stack size 0 bytes, board.o(.text.ARM_MPU_Disable))
<BR><BR>[Called By]<UL><LI><a href="#[181]">&gt;&gt;</a>&nbsp;&nbsp;&nbsp;BOARD_ConfigMPU
</UL>

<P><STRONG><a name="[183]"></a>ARM_MPU_Enable</STRONG> (Thumb, 52 bytes, Stack size 8 bytes, board.o(.text.ARM_MPU_Enable))
<BR><BR>[Stack]<UL><LI>Max Depth = 8<LI>Call Chain = ARM_MPU_Enable
</UL>
<BR>[Called By]<UL><LI><a href="#[181]">&gt;&gt;</a>&nbsp;&nbsp;&nbsp;BOARD_ConfigMPU
</UL>

<P><STRONG><a name="[187]"></a>CLOCK_GetDiv</STRONG> (Thumb, 44 bytes, Stack size 8 bytes, board.o(.text.CLOCK_GetDiv))
<BR><BR>[Stack]<UL><LI>Max Depth = 8<LI>Call Chain = CLOCK_GetDiv
</UL>
<BR>[Called By]<UL><LI><a href="#[184]">&gt;&gt;</a>&nbsp;&nbsp;&nbsp;BOARD_DebugConsoleSrcFreq
</UL>

<P><STRONG><a name="[185]"></a>CLOCK_GetMux</STRONG> (Thumb, 44 bytes, Stack size 8 bytes, board.o(.text.CLOCK_GetMux))
<BR><BR>[Stack]<UL><LI>Max Depth = 8<LI>Call Chain = CLOCK_GetMux
</UL>
<BR>[Called By]<UL><LI><a href="#[184]">&gt;&gt;</a>&nbsp;&nbsp;&nbsp;BOARD_DebugConsoleSrcFreq
</UL>

<P><STRONG><a name="[188]"></a>CLOCK_GetOscFreq</STRONG> (Thumb, 52 bytes, Stack size 4 bytes, board.o(.text.CLOCK_GetOscFreq))
<BR><BR>[Stack]<UL><LI>Max Depth = 4<LI>Call Chain = CLOCK_GetOscFreq
</UL>
<BR>[Called By]<UL><LI><a href="#[184]">&gt;&gt;</a>&nbsp;&nbsp;&nbsp;BOARD_DebugConsoleSrcFreq
</UL>

<P><STRONG><a name="[19a]"></a>CLOCK_ControlGate</STRONG> (Thumb, 118 bytes, Stack size 40 bytes, clock_config.o(.text.CLOCK_ControlGate))
<BR><BR>[Stack]<UL><LI>Max Depth = 952<LI>Call Chain = CLOCK_ControlGate &rArr; __aeabi_assert &rArr; DbgConsole_Printf &rArr; DbgConsole_Vprintf &rArr; DbgConsole_PrintfFormattedData &rArr; DbgConsole_ConvertFloatRadixNumToString &rArr; __hardfp_pow &rArr; __ARM_scalbn &rArr; __fpl_exception &rArr; _fp_trapveneer &rArr; _fp_trap &rArr; __rt_SIGFPE &rArr; __rt_SIGFPE_inner &rArr; __default_signal_display &rArr; _ttywrch
</UL>
<BR>[Calls]<UL><LI><a href="#[16b]">&gt;&gt;</a>&nbsp;&nbsp;&nbsp;__aeabi_assert
<LI><a href="#[19b]">&gt;&gt;</a>&nbsp;&nbsp;&nbsp;_SDK_AtomicLocalClearAndSet4Byte
</UL>
<BR>[Called By]<UL><LI><a href="#[180]">&gt;&gt;</a>&nbsp;&nbsp;&nbsp;CLOCK_DisableClock
</UL>

<P><STRONG><a name="[180]"></a>CLOCK_DisableClock</STRONG> (Thumb, 28 bytes, Stack size 16 bytes, clock_config.o(.text.CLOCK_DisableClock))
<BR><BR>[Stack]<UL><LI>Max Depth = 968<LI>Call Chain = CLOCK_DisableClock &rArr; CLOCK_ControlGate &rArr; __aeabi_assert &rArr; DbgConsole_Printf &rArr; DbgConsole_Vprintf &rArr; DbgConsole_PrintfFormattedData &rArr; DbgConsole_ConvertFloatRadixNumToString &rArr; __hardfp_pow &rArr; __ARM_scalbn &rArr; __fpl_exception &rArr; _fp_trapveneer &rArr; _fp_trap &rArr; __rt_SIGFPE &rArr; __rt_SIGFPE_inner &rArr; __default_signal_display &rArr; _ttywrch
</UL>
<BR>[Calls]<UL><LI><a href="#[19a]">&gt;&gt;</a>&nbsp;&nbsp;&nbsp;CLOCK_ControlGate
</UL>
<BR>[Called By]<UL><LI><a href="#[172]">&gt;&gt;</a>&nbsp;&nbsp;&nbsp;BOARD_BootClockRUN
</UL>

<P><STRONG><a name="[17f]"></a>CLOCK_SetDiv</STRONG> (Thumb, 152 bytes, Stack size 40 bytes, clock_config.o(.text.CLOCK_SetDiv))
<BR><BR>[Stack]<UL><LI>Max Depth = 952<LI>Call Chain = CLOCK_SetDiv &rArr; __aeabi_assert &rArr; DbgConsole_Printf &rArr; DbgConsole_Vprintf &rArr; DbgConsole_PrintfFormattedData &rArr; DbgConsole_ConvertFloatRadixNumToString &rArr; __hardfp_pow &rArr; __ARM_scalbn &rArr; __fpl_exception &rArr; _fp_trapveneer &rArr; _fp_trap &rArr; __rt_SIGFPE &rArr; __rt_SIGFPE_inner &rArr; __default_signal_display &rArr; _ttywrch
</UL>
<BR>[Calls]<UL><LI><a href="#[16b]">&gt;&gt;</a>&nbsp;&nbsp;&nbsp;__aeabi_assert
</UL>
<BR>[Called By]<UL><LI><a href="#[172]">&gt;&gt;</a>&nbsp;&nbsp;&nbsp;BOARD_BootClockRUN
</UL>

<P><STRONG><a name="[178]"></a>CLOCK_SetMux</STRONG> (Thumb, 152 bytes, Stack size 40 bytes, clock_config.o(.text.CLOCK_SetMux))
<BR><BR>[Stack]<UL><LI>Max Depth = 952<LI>Call Chain = CLOCK_SetMux &rArr; __aeabi_assert &rArr; DbgConsole_Printf &rArr; DbgConsole_Vprintf &rArr; DbgConsole_PrintfFormattedData &rArr; DbgConsole_ConvertFloatRadixNumToString &rArr; __hardfp_pow &rArr; __ARM_scalbn &rArr; __fpl_exception &rArr; _fp_trapveneer &rArr; _fp_trap &rArr; __rt_SIGFPE &rArr; __rt_SIGFPE_inner &rArr; __default_signal_display &rArr; _ttywrch
</UL>
<BR>[Calls]<UL><LI><a href="#[16b]">&gt;&gt;</a>&nbsp;&nbsp;&nbsp;__aeabi_assert
</UL>
<BR>[Called By]<UL><LI><a href="#[172]">&gt;&gt;</a>&nbsp;&nbsp;&nbsp;BOARD_BootClockRUN
</UL>

<P><STRONG><a name="[17b]"></a>CLOCK_SetPllBypass</STRONG> (Thumb, 84 bytes, Stack size 32 bytes, clock_config.o(.text.CLOCK_SetPllBypass))
<BR><BR>[Stack]<UL><LI>Max Depth = 32<LI>Call Chain = CLOCK_SetPllBypass
</UL>
<BR>[Called By]<UL><LI><a href="#[172]">&gt;&gt;</a>&nbsp;&nbsp;&nbsp;BOARD_BootClockRUN
</UL>

<P><STRONG><a name="[173]"></a>CLOCK_SetRtcXtalFreq</STRONG> (Thumb, 24 bytes, Stack size 8 bytes, clock_config.o(.text.CLOCK_SetRtcXtalFreq))
<BR><BR>[Stack]<UL><LI>Max Depth = 8<LI>Call Chain = CLOCK_SetRtcXtalFreq
</UL>
<BR>[Called By]<UL><LI><a href="#[172]">&gt;&gt;</a>&nbsp;&nbsp;&nbsp;BOARD_BootClockRUN
</UL>

<P><STRONG><a name="[174]"></a>CLOCK_SetXtalFreq</STRONG> (Thumb, 24 bytes, Stack size 8 bytes, clock_config.o(.text.CLOCK_SetXtalFreq))
<BR><BR>[Stack]<UL><LI>Max Depth = 8<LI>Call Chain = CLOCK_SetXtalFreq
</UL>
<BR>[Called By]<UL><LI><a href="#[172]">&gt;&gt;</a>&nbsp;&nbsp;&nbsp;BOARD_BootClockRUN
</UL>

<P><STRONG><a name="[19b]"></a>_SDK_AtomicLocalClearAndSet4Byte</STRONG> (Thumb, 68 bytes, Stack size 36 bytes, clock_config.o(.text._SDK_AtomicLocalClearAndSet4Byte))
<BR><BR>[Stack]<UL><LI>Max Depth = 36<LI>Call Chain = _SDK_AtomicLocalClearAndSet4Byte
</UL>
<BR>[Called By]<UL><LI><a href="#[19a]">&gt;&gt;</a>&nbsp;&nbsp;&nbsp;CLOCK_ControlGate
</UL>

<P><STRONG><a name="[1bb]"></a>DbgConsole_ConvertFloatRadixNumToString</STRONG> (Thumb, 636 bytes, Stack size 160 bytes, fsl_debug_console.o(.text.DbgConsole_ConvertFloatRadixNumToString))
<BR><BR>[Stack]<UL><LI>Max Depth = 472<LI>Call Chain = DbgConsole_ConvertFloatRadixNumToString &rArr; __hardfp_pow &rArr; __ARM_scalbn &rArr; __fpl_exception &rArr; _fp_trapveneer &rArr; _fp_trap &rArr; __rt_SIGFPE &rArr; __rt_SIGFPE_inner &rArr; __default_signal_display &rArr; _ttywrch
</UL>
<BR>[Calls]<UL><LI><a href="#[1bd]">&gt;&gt;</a>&nbsp;&nbsp;&nbsp;__hardfp_pow
<LI><a href="#[1bc]">&gt;&gt;</a>&nbsp;&nbsp;&nbsp;__hardfp_modf
<LI><a href="#[1bf]">&gt;&gt;</a>&nbsp;&nbsp;&nbsp;__aeabi_l2d
<LI><a href="#[1be]">&gt;&gt;</a>&nbsp;&nbsp;&nbsp;__aeabi_d2lz
</UL>
<BR>[Called By]<UL><LI><a href="#[1c4]">&gt;&gt;</a>&nbsp;&nbsp;&nbsp;DbgConsole_PrintfFormattedData
</UL>

<P><STRONG><a name="[1c0]"></a>DbgConsole_ConvertRadixNumToString</STRONG> (Thumb, 532 bytes, Stack size 160 bytes, fsl_debug_console.o(.text.DbgConsole_ConvertRadixNumToString))
<BR><BR>[Stack]<UL><LI>Max Depth = 208<LI>Call Chain = DbgConsole_ConvertRadixNumToString &rArr; __aeabi_uldivmod
</UL>
<BR>[Calls]<UL><LI><a href="#[1c1]">&gt;&gt;</a>&nbsp;&nbsp;&nbsp;__aeabi_ldivmod
<LI><a href="#[12e]">&gt;&gt;</a>&nbsp;&nbsp;&nbsp;__aeabi_uldivmod
</UL>
<BR>[Called By]<UL><LI><a href="#[1c4]">&gt;&gt;</a>&nbsp;&nbsp;&nbsp;DbgConsole_PrintfFormattedData
</UL>

<P><STRONG><a name="[1c4]"></a>DbgConsole_PrintfFormattedData</STRONG> (Thumb, 2788 bytes, Stack size 328 bytes, fsl_debug_console.o(.text.DbgConsole_PrintfFormattedData))
<BR><BR>[Stack]<UL><LI>Max Depth = 800<LI>Call Chain = DbgConsole_PrintfFormattedData &rArr; DbgConsole_ConvertFloatRadixNumToString &rArr; __hardfp_pow &rArr; __ARM_scalbn &rArr; __fpl_exception &rArr; _fp_trapveneer &rArr; _fp_trap &rArr; __rt_SIGFPE &rArr; __rt_SIGFPE_inner &rArr; __default_signal_display &rArr; _ttywrch
</UL>
<BR>[Calls]<UL><LI><a href="#[1c5]">&gt;&gt;</a>&nbsp;&nbsp;&nbsp;DbgConsole_PrintfPaddingCharacter
<LI><a href="#[1c0]">&gt;&gt;</a>&nbsp;&nbsp;&nbsp;DbgConsole_ConvertRadixNumToString
<LI><a href="#[1bb]">&gt;&gt;</a>&nbsp;&nbsp;&nbsp;DbgConsole_ConvertFloatRadixNumToString
<LI><a href="#[133]">&gt;&gt;</a>&nbsp;&nbsp;&nbsp;memcpy
<LI><a href="#[1c6]">&gt;&gt;</a>&nbsp;&nbsp;&nbsp;strlen
</UL>
<BR>[Called By]<UL><LI><a href="#[1c3]">&gt;&gt;</a>&nbsp;&nbsp;&nbsp;DbgConsole_Vprintf
</UL>

<P><STRONG><a name="[1c5]"></a>DbgConsole_PrintfPaddingCharacter</STRONG> (Thumb, 100 bytes, Stack size 64 bytes, fsl_debug_console.o(.text.DbgConsole_PrintfPaddingCharacter))
<BR><BR>[Stack]<UL><LI>Max Depth = 64<LI>Call Chain = DbgConsole_PrintfPaddingCharacter
</UL>
<BR>[Called By]<UL><LI><a href="#[1c4]">&gt;&gt;</a>&nbsp;&nbsp;&nbsp;DbgConsole_PrintfFormattedData
</UL>

<P><STRONG><a name="[228]"></a>USB_DeviceEhciCancelControlPipe</STRONG> (Thumb, 376 bytes, Stack size 64 bytes, usb_device_ehci.o(.text.USB_DeviceEhciCancelControlPipe))
<BR><BR>[Stack]<UL><LI>Max Depth = 248<LI>Call Chain = USB_DeviceEhciCancelControlPipe &rArr; USB_DeviceNotificationTrigger &rArr; USB_DeviceNotification &rArr; USB_DeviceResetNotification &rArr; USB_DeviceControl
</UL>
<BR>[Calls]<UL><LI><a href="#[229]">&gt;&gt;</a>&nbsp;&nbsp;&nbsp;USB_DeviceNotificationTrigger
</UL>
<BR>[Called By]<UL><LI><a href="#[22c]">&gt;&gt;</a>&nbsp;&nbsp;&nbsp;USB_DeviceEhciInterruptTokenDone
</UL>

<P><STRONG><a name="[22d]"></a>USB_DeviceEhciFillSetupBuffer</STRONG> (Thumb, 150 bytes, Stack size 16 bytes, usb_device_ehci.o(.text.USB_DeviceEhciFillSetupBuffer))
<BR><BR>[Stack]<UL><LI>Max Depth = 16<LI>Call Chain = USB_DeviceEhciFillSetupBuffer
</UL>
<BR>[Called By]<UL><LI><a href="#[22c]">&gt;&gt;</a>&nbsp;&nbsp;&nbsp;USB_DeviceEhciInterruptTokenDone
</UL>

<P><STRONG><a name="[22a]"></a>USB_DeviceEhciInterruptPortChange</STRONG> (Thumb, 120 bytes, Stack size 32 bytes, usb_device_ehci.o(.text.USB_DeviceEhciInterruptPortChange))
<BR><BR>[Stack]<UL><LI>Max Depth = 216<LI>Call Chain = USB_DeviceEhciInterruptPortChange &rArr; USB_DeviceNotificationTrigger &rArr; USB_DeviceNotification &rArr; USB_DeviceResetNotification &rArr; USB_DeviceControl
</UL>
<BR>[Calls]<UL><LI><a href="#[229]">&gt;&gt;</a>&nbsp;&nbsp;&nbsp;USB_DeviceNotificationTrigger
</UL>
<BR>[Called By]<UL><LI><a href="#[22e]">&gt;&gt;</a>&nbsp;&nbsp;&nbsp;USB_DeviceEhciIsrFunction
</UL>

<P><STRONG><a name="[22b]"></a>USB_DeviceEhciInterruptReset</STRONG> (Thumb, 146 bytes, Stack size 40 bytes, usb_device_ehci.o(.text.USB_DeviceEhciInterruptReset))
<BR><BR>[Stack]<UL><LI>Max Depth = 224<LI>Call Chain = USB_DeviceEhciInterruptReset &rArr; USB_DeviceNotificationTrigger &rArr; USB_DeviceNotification &rArr; USB_DeviceResetNotification &rArr; USB_DeviceControl
</UL>
<BR>[Calls]<UL><LI><a href="#[229]">&gt;&gt;</a>&nbsp;&nbsp;&nbsp;USB_DeviceNotificationTrigger
</UL>
<BR>[Called By]<UL><LI><a href="#[22e]">&gt;&gt;</a>&nbsp;&nbsp;&nbsp;USB_DeviceEhciIsrFunction
</UL>

<P><STRONG><a name="[22f]"></a>USB_DeviceEhciInterruptSof</STRONG> (Thumb, 12 bytes, Stack size 8 bytes, usb_device_ehci.o(.text.USB_DeviceEhciInterruptSof))
<BR><BR>[Stack]<UL><LI>Max Depth = 8<LI>Call Chain = USB_DeviceEhciInterruptSof
</UL>
<BR>[Called By]<UL><LI><a href="#[22e]">&gt;&gt;</a>&nbsp;&nbsp;&nbsp;USB_DeviceEhciIsrFunction
</UL>

<P><STRONG><a name="[22c]"></a>USB_DeviceEhciInterruptTokenDone</STRONG> (Thumb, 1092 bytes, Stack size 80 bytes, usb_device_ehci.o(.text.USB_DeviceEhciInterruptTokenDone))
<BR><BR>[Stack]<UL><LI>Max Depth = 328<LI>Call Chain = USB_DeviceEhciInterruptTokenDone &rArr; USB_DeviceEhciCancelControlPipe &rArr; USB_DeviceNotificationTrigger &rArr; USB_DeviceNotification &rArr; USB_DeviceResetNotification &rArr; USB_DeviceControl
</UL>
<BR>[Calls]<UL><LI><a href="#[229]">&gt;&gt;</a>&nbsp;&nbsp;&nbsp;USB_DeviceNotificationTrigger
<LI><a href="#[22d]">&gt;&gt;</a>&nbsp;&nbsp;&nbsp;USB_DeviceEhciFillSetupBuffer
<LI><a href="#[228]">&gt;&gt;</a>&nbsp;&nbsp;&nbsp;USB_DeviceEhciCancelControlPipe
</UL>
<BR>[Called By]<UL><LI><a href="#[22e]">&gt;&gt;</a>&nbsp;&nbsp;&nbsp;USB_DeviceEhciIsrFunction
</UL>

<P><STRONG><a name="[232]"></a>USB_DeviceControl</STRONG> (Thumb, 114 bytes, Stack size 48 bytes, usb_device_dci.o(.text.USB_DeviceControl))
<BR><BR>[Stack]<UL><LI>Max Depth = 48<LI>Call Chain = USB_DeviceControl
</UL>
<BR>[Called By]<UL><LI><a href="#[231]">&gt;&gt;</a>&nbsp;&nbsp;&nbsp;USB_DeviceResetNotification
</UL>

<P><STRONG><a name="[230]"></a>USB_DeviceNotification</STRONG> (Thumb, 252 bytes, Stack size 48 bytes, usb_device_dci.o(.text.USB_DeviceNotification))
<BR><BR>[Stack]<UL><LI>Max Depth = 144<LI>Call Chain = USB_DeviceNotification &rArr; USB_DeviceResetNotification &rArr; USB_DeviceControl
</UL>
<BR>[Calls]<UL><LI><a href="#[231]">&gt;&gt;</a>&nbsp;&nbsp;&nbsp;USB_DeviceResetNotification
</UL>
<BR>[Called By]<UL><LI><a href="#[229]">&gt;&gt;</a>&nbsp;&nbsp;&nbsp;USB_DeviceNotificationTrigger
</UL>

<P><STRONG><a name="[231]"></a>USB_DeviceResetNotification</STRONG> (Thumb, 164 bytes, Stack size 48 bytes, usb_device_dci.o(.text.USB_DeviceResetNotification))
<BR><BR>[Stack]<UL><LI>Max Depth = 96<LI>Call Chain = USB_DeviceResetNotification &rArr; USB_DeviceControl
</UL>
<BR>[Calls]<UL><LI><a href="#[232]">&gt;&gt;</a>&nbsp;&nbsp;&nbsp;USB_DeviceControl
</UL>
<BR>[Called By]<UL><LI><a href="#[230]">&gt;&gt;</a>&nbsp;&nbsp;&nbsp;USB_DeviceNotification
</UL>

<P><STRONG><a name="[e9]"></a>_printf_input_char</STRONG> (Thumb, 10 bytes, Stack size 0 bytes, _printf_char_common.o(.text))
<BR>[Address Reference Count : 1]<UL><LI> _printf_char_common.o(.text)
</UL>
<P><STRONG><a name="[14f]"></a>_fp_digits</STRONG> (Thumb, 432 bytes, Stack size 96 bytes, _printf_fp_dec.o(.text))
<BR><BR>[Stack]<UL><LI>Max Depth = 220<LI>Call Chain = _fp_digits &rArr; _btod_etento &rArr; _btod_emul &rArr; _e2e
</UL>
<BR>[Calls]<UL><LI><a href="#[149]">&gt;&gt;</a>&nbsp;&nbsp;&nbsp;_ll_udiv10
<LI><a href="#[150]">&gt;&gt;</a>&nbsp;&nbsp;&nbsp;__ieee_status
<LI><a href="#[154]">&gt;&gt;</a>&nbsp;&nbsp;&nbsp;_btod_emul
<LI><a href="#[153]">&gt;&gt;</a>&nbsp;&nbsp;&nbsp;_btod_ediv
<LI><a href="#[152]">&gt;&gt;</a>&nbsp;&nbsp;&nbsp;_btod_d2e
<LI><a href="#[151]">&gt;&gt;</a>&nbsp;&nbsp;&nbsp;_btod_etento
</UL>
<BR>[Called By]<UL><LI><a href="#[155]">&gt;&gt;</a>&nbsp;&nbsp;&nbsp;_printf_fp_dec_real
</UL>
<P>
<H3>
Undefined Global Symbols
</H3><HR></body></html>
